Archive member included because of file (symbol)

/home/miceuz/SimplicityStudio/v4_workspace/bleMoistureSensor3/platform/radio/rail_lib/autogen/librail_release/librail_efr32xg1_gcc_release.a(rail_pti.o)
                              ./pti.o (RAIL_ConfigPti)
/home/miceuz/SimplicityStudio/v4_workspace/bleMoistureSensor3/platform/radio/rail_lib/autogen/librail_release/librail_efr32xg1_gcc_release.a(rail_rf_hal.o)
                              /home/miceuz/SimplicityStudio/v4_workspace/bleMoistureSensor3/platform/radio/rail_lib/autogen/librail_release/librail_efr32xg1_gcc_release.a(rail_pti.o) (RFHAL_ConfigPti)
/home/miceuz/SimplicityStudio/v4_workspace/bleMoistureSensor3/platform/radio/rail_lib/autogen/librail_release/librail_efr32xg1_gcc_release.a(rail_ieee802154_rf_hal.o)
                              /home/miceuz/SimplicityStudio/v4_workspace/bleMoistureSensor3/platform/radio/rail_lib/autogen/librail_release/librail_efr32xg1_gcc_release.a(rail_rf_hal.o) (RFHAL_IEEE802154IsEnabled)
/home/miceuz/SimplicityStudio/v4_workspace/bleMoistureSensor3/platform/radio/rail_lib/autogen/librail_release/librail_efr32xg1_gcc_release.a(ieee802154_efr32xg1_configurator_out.o)
                              /home/miceuz/SimplicityStudio/v4_workspace/bleMoistureSensor3/platform/radio/rail_lib/autogen/librail_release/librail_efr32xg1_gcc_release.a(rail_ieee802154_rf_hal.o) (ieee802154_noncoherent_2420MHz_min)
/home/miceuz/SimplicityStudio/v4_workspace/bleMoistureSensor3/platform/radio/rail_lib/autogen/librail_release/librail_efr32xg1_gcc_release.a(rail_singleprotocol.o)
                              /home/miceuz/SimplicityStudio/v4_workspace/bleMoistureSensor3/platform/radio/rail_lib/autogen/librail_release/librail_efr32xg1_gcc_release.a(rail_rf_hal.o) (RAIL_ActiveHandle)
/home/miceuz/SimplicityStudio/v4_workspace/bleMoistureSensor3/platform/radio/rail_lib/autogen/librail_release/librail_efr32xg1_gcc_release.a(rail_rf.o)
                              /home/miceuz/SimplicityStudio/v4_workspace/bleMoistureSensor3/platform/radio/rail_lib/autogen/librail_release/librail_efr32xg1_gcc_release.a(rail_singleprotocol.o) (RAILCore_Init)
/home/miceuz/SimplicityStudio/v4_workspace/bleMoistureSensor3/platform/radio/rail_lib/autogen/librail_release/librail_efr32xg1_gcc_release.a(rail_rx.o)
                              /home/miceuz/SimplicityStudio/v4_workspace/bleMoistureSensor3/platform/radio/rail_lib/autogen/librail_release/librail_efr32xg1_gcc_release.a(rail_rf_hal.o) (RAILCore_StartRx)
/home/miceuz/SimplicityStudio/v4_workspace/bleMoistureSensor3/platform/radio/rail_lib/autogen/librail_release/librail_efr32xg1_gcc_release.a(rail_tx.o)
                              /home/miceuz/SimplicityStudio/v4_workspace/bleMoistureSensor3/platform/radio/rail_lib/autogen/librail_release/librail_efr32xg1_gcc_release.a(rail_singleprotocol.o) (RAILCore_StartTx)
/home/miceuz/SimplicityStudio/v4_workspace/bleMoistureSensor3/platform/radio/rail_lib/autogen/librail_release/librail_efr32xg1_gcc_release.a(rail_calibration.o)
                              /home/miceuz/SimplicityStudio/v4_workspace/bleMoistureSensor3/platform/radio/rail_lib/autogen/librail_release/librail_efr32xg1_gcc_release.a(rail_rf_hal.o) (RAILInt_PendCal)
/home/miceuz/SimplicityStudio/v4_workspace/bleMoistureSensor3/platform/radio/rail_lib/autogen/librail_release/librail_efr32xg1_gcc_release.a(rail_assert.o)
                              /home/miceuz/SimplicityStudio/v4_workspace/bleMoistureSensor3/platform/radio/rail_lib/autogen/librail_release/librail_efr32xg1_gcc_release.a(rail_rf.o) (RAILInt_Assert)
/home/miceuz/SimplicityStudio/v4_workspace/bleMoistureSensor3/platform/radio/rail_lib/autogen/librail_release/librail_efr32xg1_gcc_release.a(rail_rssi.o)
                              /home/miceuz/SimplicityStudio/v4_workspace/bleMoistureSensor3/platform/radio/rail_lib/autogen/librail_release/librail_efr32xg1_gcc_release.a(rail_singleprotocol.o) (RAILCore_GetRssi)
/home/miceuz/SimplicityStudio/v4_workspace/bleMoistureSensor3/platform/radio/rail_lib/autogen/librail_release/librail_efr32xg1_gcc_release.a(rail_timer.o)
                              /home/miceuz/SimplicityStudio/v4_workspace/bleMoistureSensor3/platform/radio/rail_lib/autogen/librail_release/librail_efr32xg1_gcc_release.a(rail_singleprotocol.o) (RAILCore_SetMultiTimer)
/home/miceuz/SimplicityStudio/v4_workspace/bleMoistureSensor3/platform/radio/rail_lib/autogen/librail_release/librail_efr32xg1_gcc_release.a(tmrdrv.o)
                              /home/miceuz/SimplicityStudio/v4_workspace/bleMoistureSensor3/platform/radio/rail_lib/autogen/librail_release/librail_efr32xg1_gcc_release.a(rail_timer.o) (TMRDRV_SetupTimer)
/home/miceuz/SimplicityStudio/v4_workspace/bleMoistureSensor3/platform/radio/rail_lib/autogen/librail_release/librail_efr32xg1_gcc_release.a(tmrdrv_config.o)
[...]
Memory Configuration

Name             Origin             Length             Attributes
FLASH_BOOTLOADER 0x00000000         0x00004000         xr
FLASH            0x00004000         0x0003b000         xr
RAM              0x20000000         0x00007bfc         xrw
*default*        0x00000000         0xffffffff

Linker script and memory map

LOAD /home/miceuz/SimplicityStudio_v4/developer/toolchains/gnu_arm/4.9_2015q3/bin/../lib/gcc/arm-none-eabi/4.9.3/armv7e-m/softfp/crti.o
LOAD /home/miceuz/SimplicityStudio_v4/developer/toolchains/gnu_arm/4.9_2015q3/bin/../lib/gcc/arm-none-eabi/4.9.3/armv7e-m/softfp/crtbegin.o
LOAD /home/miceuz/SimplicityStudio_v4/developer/toolchains/gnu_arm/4.9_2015q3/bin/../lib/gcc/arm-none-eabi/4.9.3/../../../../arm-none-eabi/lib/armv7e-m/softfp/crt0.o
START GROUP
LOAD ./InitDevice.o
LOAD ./application_properties.o
LOAD ./gatt_db.o
LOAD ./init_app.o
LOAD ./init_board.o
LOAD ./init_mcu.o
LOAD ./main.o
LOAD ./pti.o
LOAD ./thermistor.o
LOAD ./hardware/kit/common/bsp/bsp_stk.o
LOAD ./platform/Device/SiliconLabs/EFR32BG1B/Source/GCC/startup_efr32bg1b.o
LOAD ./platform/Device/SiliconLabs/EFR32BG1B/Source/system_efr32bg1b.o
LOAD ./platform/emdrv/sleep/src/sleep.o
LOAD ./platform/emdrv/tempdrv/src/tempdrv.o
LOAD ./platform/emlib/src/em_adc.o
LOAD ./platform/emlib/src/em_cmu.o
LOAD ./platform/emlib/src/em_core.o
LOAD ./platform/emlib/src/em_cryotimer.o
LOAD ./platform/emlib/src/em_crypto.o
LOAD ./platform/emlib/src/em_emu.o
LOAD ./platform/emlib/src/em_gpio.o
LOAD ./platform/emlib/src/em_i2c.o
LOAD ./platform/emlib/src/em_int.o
LOAD ./platform/emlib/src/em_ldma.o
LOAD ./platform/emlib/src/em_msc.o
LOAD ./platform/emlib/src/em_rmu.o
LOAD ./platform/emlib/src/em_rtcc.o
LOAD ./platform/emlib/src/em_system.o
LOAD ./platform/emlib/src/em_timer.o
LOAD ./platform/emlib/src/em_usart.o
LOAD /home/miceuz/SimplicityStudio/v4_workspace/bleMoistureSensor3/platform/radio/rail_lib/autogen/librail_release/librail_efr32xg1_gcc_release.a
LOAD /home/miceuz/SimplicityStudio/v4_workspace/bleMoistureSensor3/protocol/bluetooth/lib/EFR32BG1B/GCC/binapploader.o
LOAD /home/miceuz/SimplicityStudio/v4_workspace/bleMoistureSensor3/protocol/bluetooth/lib/EFR32BG1B/GCC/libpsstore.a
LOAD /home/miceuz/SimplicityStudio/v4_workspace/bleMoistureSensor3/protocol/bluetooth/lib/EFR32BG1B/GCC/libmbedtls.a
LOAD /home/miceuz/SimplicityStudio/v4_workspace/bleMoistureSensor3/protocol/bluetooth/lib/EFR32BG1B/GCC/libbluetooth.a
LOAD /home/miceuz/SimplicityStudio_v4/developer/toolchains/gnu_arm/4.9_2015q3/bin/../lib/gcc/arm-none-eabi/4.9.3/../../../../arm-none-eabi/lib/armv7e-m/softfp/libm.a
END GROUP
START GROUP
LOAD /home/miceuz/SimplicityStudio_v4/developer/toolchains/gnu_arm/4.9_2015q3/bin/../lib/gcc/arm-none-eabi/4.9.3/armv7e-m/softfp/libgcc.a
LOAD /home/miceuz/SimplicityStudio_v4/developer/toolchains/gnu_arm/4.9_2015q3/bin/../lib/gcc/arm-none-eabi/4.9.3/../../../../arm-none-eabi/lib/armv7e-m/softfp/libc_nano.a
LOAD /home/miceuz/SimplicityStudio_v4/developer/toolchains/gnu_arm/4.9_2015q3/bin/../lib/gcc/arm-none-eabi/4.9.3/../../../../arm-none-eabi/lib/armv7e-m/softfp/libnosys.a
END GROUP
START GROUP
LOAD /home/miceuz/SimplicityStudio_v4/developer/toolchains/gnu_arm/4.9_2015q3/bin/../lib/gcc/arm-none-eabi/4.9.3/armv7e-m/softfp/libgcc.a
LOAD /home/miceuz/SimplicityStudio_v4/developer/toolchains/gnu_arm/4.9_2015q3/bin/../lib/gcc/arm-none-eabi/4.9.3/../../../../arm-none-eabi/lib/armv7e-m/softfp/libg_nano.a
LOAD /home/miceuz/SimplicityStudio_v4/developer/toolchains/gnu_arm/4.9_2015q3/bin/../lib/gcc/arm-none-eabi/4.9.3/../../../../arm-none-eabi/lib/armv7e-m/softfp/libc_nano.a
END GROUP
START GROUP
LOAD /home/miceuz/SimplicityStudio_v4/developer/toolchains/gnu_arm/4.9_2015q3/bin/../lib/gcc/arm-none-eabi/4.9.3/armv7e-m/softfp/libgcc.a
LOAD /home/miceuz/SimplicityStudio_v4/developer/toolchains/gnu_arm/4.9_2015q3/bin/../lib/gcc/arm-none-eabi/4.9.3/../../../../arm-none-eabi/lib/armv7e-m/softfp/libc_nano.a
END GROUP
LOAD /home/miceuz/SimplicityStudio_v4/developer/toolchains/gnu_arm/4.9_2015q3/bin/../lib/gcc/arm-none-eabi/4.9.3/armv7e-m/softfp/crtend.o
LOAD /home/miceuz/SimplicityStudio_v4/developer/toolchains/gnu_arm/4.9_2015q3/bin/../lib/gcc/arm-none-eabi/4.9.3/armv7e-m/softfp/crtn.o

.text_bootloader
                0x00000000        0x0
 *(.binbootloader*)
                0x00000000                . = ALIGN (0x4000)

.text_apploader
                0x00004000     0x8fc0
 *(.binapploader*)
 .binapploader  0x00004000     0x8fc0 /home/miceuz/SimplicityStudio/v4_workspace/bleMoistureSensor3/protocol/bluetooth/lib/EFR32BG1B/GCC/binapploader.o

.text_signature
                0x0000cfc0       0x40
                0x0000d000                . = ALIGN (0x800)
 *fill*         0x0000cfc0       0x40 
                0x0000d000                __text_start__ = .

.text_application
                0x0000d000    0x20104
 *(.vectors)
 .vectors       0x0000d000       0xc8 ./platform/Device/SiliconLabs/EFR32BG1B/Source/GCC/startup_efr32bg1b.o
                0x0000d000                __Vectors
                0x0000d0c8                __Vectors_End = .
                0x000000c8                __Vectors_Size = (__Vectors_End - __Vectors)
                0x0000d0c8                __end__ = .
 *(.application_properties)
 .application_properties
                0x0000d0c8       0x38 ./application_properties.o
                0x0000d0c8                applicationProperties
 *(.gecko_configuration)
 *(.xo_configuration)
 *(.gatt_header)
 .gatt_header   0x0000d100       0x34 ./gatt_db.o
                0x0000d100                bg_gattdb_data
 *(.gatt_data)
 .gatt_data     0x0000d134      0x452 ./gatt_db.o
                0x0000d134                bg_gattdb_data_adv_uuid128_map
                0x0000d138                bg_gattdb_data_adv_uuid16_map
                0x0000d13c                bg_gattdb_data_attributes_dynamic_mapping_map
                0x0000d158                bg_gattdb_data_attributes_map
                0x0000d32c                bg_gattdb_data_attribute_field_0
                0x0000d330                bg_gattdb_data_attribute_field_1
                0x0000d338                bg_gattdb_data_attribute_field_2
                0x0000d340                bg_gattdb_data_attribute_field_4
                0x0000d344                bg_gattdb_data_attribute_field_5
                0x0000d34c                bg_gattdb_data_attribute_field_6
                0x0000d354                bg_gattdb_data_attribute_field_7
                0x0000d35c                bg_gattdb_data_attribute_field_8
                0x0000d360                bg_gattdb_data_attribute_field_9
                0x0000d364                bg_gattdb_data_attribute_field_10
                0x0000d36c                bg_gattdb_data_attribute_field_11
                0x0000d37c                bg_gattdb_data_attribute_field_12
                0x0000d384                bg_gattdb_data_attribute_field_13
                0x0000d390                bg_gattdb_data_attribute_field_14
                0x0000d398                bg_gattdb_data_attribute_field_15
                0x0000d3a0                bg_gattdb_data_attribute_field_16
                0x0000d3a8                bg_gattdb_data_attribute_field_17
                0x0000d3b0                bg_gattdb_data_attribute_field_18
                0x0000d3b4                bg_gattdb_data_attribute_field_19
                0x0000d3bc                bg_gattdb_data_attribute_field_20
                0x0000d3c4                bg_gattdb_data_attribute_field_21
                0x0000d3cc                bg_gattdb_data_attribute_field_23
                0x0000d3e0                bg_gattdb_data_attribute_field_24
                0x0000d3f8                bg_gattdb_data_attribute_field_25
                0x0000d400                bg_gattdb_data_attribute_field_26
                0x0000d418                bg_gattdb_data_attribute_field_27
                0x0000d420                bg_gattdb_data_attribute_field_28
                0x0000d438                bg_gattdb_data_attribute_field_29
                0x0000d440                bg_gattdb_data_attribute_field_30
                0x0000d458                bg_gattdb_data_attribute_field_31
                0x0000d460                bg_gattdb_data_attribute_field_32
                0x0000d478                bg_gattdb_data_attribute_field_33
                0x0000d480                bg_gattdb_data_attribute_field_34
                0x0000d498                bg_gattdb_data_attribute_field_35
                0x0000d4a0                bg_gattdb_data_attribute_field_36
                0x0000d4b4                bg_gattdb_data_attribute_field_37
                0x0000d4cc                bg_gattdb_data_attribute_field_38
                0x0000d4d4                bg_gattdb_data_uuidtable_128_map
                0x0000d564                bg_gattdb_data_uuidtable_16_map
 *(.text*)
 *fill*         0x0000d586        0x2 
 .text          0x0000d588       0x5c /home/miceuz/SimplicityStudio_v4/developer/toolchains/gnu_arm/4.9_2015q3/bin/../lib/gcc/arm-none-eabi/4.9.3/armv7e-m/softfp/crtbegin.o
 .text          0x0000d5e4       0x74 /home/miceuz/SimplicityStudio_v4/developer/toolchains/gnu_arm/4.9_2015q3/bin/../lib/gcc/arm-none-eabi/4.9.3/../../../../arm-none-eabi/lib/armv7e-m/softfp/crt0.o
                0x0000d5e4                _mainCRTStartup
                0x0000d5e4                _start
 .text.EMU_enter_DefaultMode_from_RESET
                0x0000d658       0x54 ./InitDevice.o
                0x0000d658                EMU_enter_DefaultMode_from_RESET
 .text.CMU_enter_DefaultMode_from_RESET
                0x0000d6ac      0x118 ./InitDevice.o
                0x0000d6ac                CMU_enter_DefaultMode_from_RESET
 .text.ADC0_enter_DefaultMode_from_RESET
                0x0000d7c4       0x94 ./InitDevice.o
                0x0000d7c4                ADC0_enter_DefaultMode_from_RESET
 .text.RTCC_enter_DefaultMode_from_RESET
                0x0000d858       0x48 ./InitDevice.o
                0x0000d858                RTCC_enter_DefaultMode_from_RESET
 .text.TIMER0_enter_DefaultMode_from_RESET
                0x0000d8a0      0x1b4 ./InitDevice.o
                0x0000d8a0                TIMER0_enter_DefaultMode_from_RESET
 .text.PORTIO_enter_DefaultMode_from_RESET
                0x0000da54       0x50 ./InitDevice.o
                0x0000da54                PORTIO_enter_DefaultMode_from_RESET
 .text.enter_DefaultMode_from_RESET
                0x0000daa4       0xa0 ./InitDevice.o
                0x0000daa4                enter_DefaultMode_from_RESET
 .text.gecko_init.constprop.9
                0x0000db44       0x3c ./main.o
 .text.lightSleepForTicks
                0x0000db80       0x34 ./main.o
                0x0000db80                lightSleepForTicks
 .text.adcSetChannel
                0x0000dbb4       0x4c ./main.o
                0x0000dbb4                adcSetChannel
 .text.measureBatteryVoltage
                0x0000dc00       0x60 ./main.o
                0x0000dc00                measureBatteryVoltage
 .text.lightSleepSetup
                0x0000dc60       0x34 ./main.o
                0x0000dc60                lightSleepSetup
 .text.measureMoisture
                0x0000dc94       0x6c ./main.o
                0x0000dc94                measureMoisture
 .text.measureTemperature
                0x0000dd00       0x28 ./main.o
                0x0000dd00                measureTemperature
 .text.performMeasurements
                0x0000dd28       0x90 ./main.o
                0x0000dd28                performMeasurements
 .text.updateAdvertisingPacket
                0x0000ddb8      0x1b0 ./main.o
                0x0000ddb8                updateAdvertisingPacket
 .text.startup.main
                0x0000df68      0x338 ./main.o
                0x0000df68                main
 .text.thermistorLsbToTemperature
                0x0000e2a0       0x64 ./thermistor.o
                0x0000e2a0                thermistorLsbToTemperature
 .text.Default_Handler
                0x0000e304        0x4 ./platform/Device/SiliconLabs/EFR32BG1B/Source/GCC/startup_efr32bg1b.o
                0x0000e304                DebugMon_Handler
                0x0000e304                USART0_TX_IRQHandler
                0x0000e304                I2C0_IRQHandler
                0x0000e304                HardFault_Handler
                0x0000e304                SysTick_Handler
                0x0000e304                USART1_RX_IRQHandler
                0x0000e304                PendSV_Handler
                0x0000e304                NMI_Handler
                0x0000e304                WDOG0_IRQHandler
                0x0000e304                USART1_TX_IRQHandler
                0x0000e304                MSC_IRQHandler
                0x0000e304                ADC0_IRQHandler
                0x0000e304                UsageFault_Handler
                0x0000e304                LEUART0_IRQHandler
                0x0000e304                FPUEH_IRQHandler
                0x0000e304                GPIO_EVEN_IRQHandler
                0x0000e304                LDMA_IRQHandler
                0x0000e304                TIMER0_IRQHandler
                0x0000e304                LETIMER0_IRQHandler
                0x0000e304                TIMER1_IRQHandler
                0x0000e304                Default_Handler
                0x0000e304                CRYOTIMER_IRQHandler
                0x0000e304                PCNT0_IRQHandler
                0x0000e304                ACMP0_IRQHandler
                0x0000e304                USART0_RX_IRQHandler
                0x0000e304                MemManage_Handler
                0x0000e304                SVC_Handler
                0x0000e304                RTCC_IRQHandler
                0x0000e304                CRYPTO_IRQHandler
                0x0000e304                CMU_IRQHandler
                0x0000e304                GPIO_ODD_IRQHandler
                0x0000e304                BusFault_Handler
                0x0000e304                IDAC0_IRQHandler
 .text.Reset_Handler
                0x0000e308       0x2c ./platform/Device/SiliconLabs/EFR32BG1B/Source/GCC/startup_efr32bg1b.o
                0x0000e308                Reset_Handler
 .text.SystemMaxCoreClockGet
                0x0000e334        0x8 ./platform/Device/SiliconLabs/EFR32BG1B/Source/system_efr32bg1b.o
                0x0000e334                SystemMaxCoreClockGet
 .text.SystemHFClockGet
                0x0000e33c       0x50 ./platform/Device/SiliconLabs/EFR32BG1B/Source/system_efr32bg1b.o
                0x0000e33c                SystemHFClockGet
 .text.SystemCoreClockGet
                0x0000e38c       0x24 ./platform/Device/SiliconLabs/EFR32BG1B/Source/system_efr32bg1b.o
                0x0000e38c                SystemCoreClockGet
 .text.SystemHFXOClockGet
                0x0000e3b0        0xc ./platform/Device/SiliconLabs/EFR32BG1B/Source/system_efr32bg1b.o
                0x0000e3b0                SystemHFXOClockGet
 .text.SystemHFXOClockSet
                0x0000e3bc       0x20 ./platform/Device/SiliconLabs/EFR32BG1B/Source/system_efr32bg1b.o
                0x0000e3bc                SystemHFXOClockSet
 .text.SystemInit
                0x0000e3dc       0x4c ./platform/Device/SiliconLabs/EFR32BG1B/Source/system_efr32bg1b.o
                0x0000e3dc                SystemInit
 .text.SystemLFRCOClockGet
                0x0000e428        0x8 ./platform/Device/SiliconLabs/EFR32BG1B/Source/system_efr32bg1b.o
                0x0000e428                SystemLFRCOClockGet
 .text.SystemULFRCOClockGet
                0x0000e430        0x8 ./platform/Device/SiliconLabs/EFR32BG1B/Source/system_efr32bg1b.o
                0x0000e430                SystemULFRCOClockGet
 .text.SystemLFXOClockGet
                0x0000e438        0xc ./platform/Device/SiliconLabs/EFR32BG1B/Source/system_efr32bg1b.o
                0x0000e438                SystemLFXOClockGet
 .text.SystemLFXOClockSet
                0x0000e444       0x20 ./platform/Device/SiliconLabs/EFR32BG1B/Source/system_efr32bg1b.o
                0x0000e444                SystemLFXOClockSet
 .text.sleepCallbackWrapper
                0x0000e464       0x14 ./platform/emdrv/sleep/src/sleep.o
 .text.enterEMx
                0x0000e478       0x70 ./platform/emdrv/sleep/src/sleep.o
 .text.SLEEP_Init
                0x0000e4e8       0x44 ./platform/emdrv/sleep/src/sleep.o
                0x0000e4e8                SLEEP_Init
 .text.SLEEP_Sleep
                0x0000e52c       0x70 ./platform/emdrv/sleep/src/sleep.o
                0x0000e52c                SLEEP_Sleep
 .text.SLEEP_SleepBlockBegin
                0x0000e59c       0x28 ./platform/emdrv/sleep/src/sleep.o
                0x0000e59c                SLEEP_SleepBlockBegin
 .text.SLEEP_SleepBlockEnd
                0x0000e5c4       0x2c ./platform/emdrv/sleep/src/sleep.o
                0x0000e5c4                SLEEP_SleepBlockEnd
 .text.SLEEP_LowestEnergyModeGet
                0x0000e5f0       0x1c ./platform/emdrv/sleep/src/sleep.o
                0x0000e5f0                SLEEP_LowestEnergyModeGet
 .text.updateInterrupts
                0x0000e60c       0xe0 ./platform/emdrv/tempdrv/src/tempdrv.o
 .text.TEMPDRV_IRQHandler
                0x0000e6ec       0xd4 ./platform/emdrv/tempdrv/src/tempdrv.o
                0x0000e6ec                TEMPDRV_IRQHandler
 .text.EMU_IRQHandler
                0x0000e7c0        0x4 ./platform/emdrv/tempdrv/src/tempdrv.o
                0x0000e7c0                EMU_IRQHandler
 .text.ADC_LoadDevinfoCal
                0x0000e7c4       0xb8 ./platform/emlib/src/em_adc.o
 .text.ADC_InitSingle
                0x0000e87c       0xbc ./platform/emlib/src/em_adc.o
                0x0000e87c                ADC_InitSingle
 .text.ADC_PrescaleCalc
                0x0000e938       0x54 ./platform/emlib/src/em_adc.o
                0x0000e938                ADC_PrescaleCalc
 .text.ADC_Init
                0x0000e98c       0x84 ./platform/emlib/src/em_adc.o
                0x0000e98c                ADC_Init
 .text.ADC_TimebaseCalc
                0x0000ea10       0x30 ./platform/emlib/src/em_adc.o
                0x0000ea10                ADC_TimebaseCalc
 .text.flashWaitStateMax
                0x0000ea40       0x48 ./platform/emlib/src/em_cmu.o
 .text.CMU_OscillatorTuningSet.part.3
                0x0000ea88       0x3c ./platform/emlib/src/em_cmu.o
 .text.CMU_UpdateWaitStates
                0x0000eac4       0x48 ./platform/emlib/src/em_cmu.o
                0x0000eac4                CMU_UpdateWaitStates
 .text.CMU_ClockEnable
                0x0000eb0c       0x8c ./platform/emlib/src/em_cmu.o
                0x0000eb0c                CMU_ClockEnable
 .text.CMU_ClockPrescGet
                0x0000eb98       0x94 ./platform/emlib/src/em_cmu.o
                0x0000eb98                CMU_ClockPrescGet
 .text.CMU_ClockSelectGet
                0x0000ec2c       0xc4 ./platform/emlib/src/em_cmu.o
                0x0000ec2c                CMU_ClockSelectGet
 .text.lfClkGet
                0x0000ecf0       0x94 ./platform/emlib/src/em_cmu.o
 .text.CMU_ClockFreqGet
                0x0000ed84      0x160 ./platform/emlib/src/em_cmu.o
                0x0000ed84                CMU_ClockFreqGet
 .text.CMU_HFXOAutostartEnable
                0x0000eee4       0x78 ./platform/emlib/src/em_cmu.o
                0x0000eee4                CMU_HFXOAutostartEnable
 .text.CMU_OscillatorTuningWait
                0x0000ef5c       0x5c ./platform/emlib/src/em_cmu.o
                0x0000ef5c                CMU_OscillatorTuningWait
 .text.CMU_OscillatorEnable
                0x0000efb8      0x110 ./platform/emlib/src/em_cmu.o
                0x0000efb8                CMU_OscillatorEnable
 .text.CMU_ClockSelectSet
                0x0000f0c8      0x1fc ./platform/emlib/src/em_cmu.o
                0x0000f0c8                CMU_ClockSelectSet
 .text.CMU_HFXOInit
                0x0000f2c4       0x88 ./platform/emlib/src/em_cmu.o
                0x0000f2c4                CMU_HFXOInit
 .text.CMU_LFXOInit
                0x0000f34c       0x40 ./platform/emlib/src/em_cmu.o
                0x0000f34c                CMU_LFXOInit
 .text.CORE_EnterCritical
                0x0000f38c        0x8 ./platform/emlib/src/em_core.o
                0x0000f38c                CORE_EnterCritical
 .text.CORE_ExitCritical
                0x0000f394        0x8 ./platform/emlib/src/em_core.o
                0x0000f394                CORE_ExitCritical
 .text.CORE_EnterAtomic
                0x0000f39c        0x8 ./platform/emlib/src/em_core.o
                0x0000f39c                CORE_EnterAtomic
 .text.CORE_ExitAtomic
                0x0000f3a4        0x8 ./platform/emlib/src/em_core.o
                0x0000f3a4                CORE_ExitAtomic
 .text.CORE_SetNvicRamTableHandler
                0x0000f3ac       0x10 ./platform/emlib/src/em_core.o
                0x0000f3ac                CORE_SetNvicRamTableHandler
 .text.CORE_InitNvicVectorTable
                0x0000f3bc       0x48 ./platform/emlib/src/em_core.o
                0x0000f3bc                CORE_InitNvicVectorTable
 .text.CRYPTO_ModulusSet
                0x0000f404       0x38 ./platform/emlib/src/em_crypto.o
                0x0000f404                CRYPTO_ModulusSet
 .text.CRYPTO_KeyRead
                0x0000f43c       0x2c ./platform/emlib/src/em_crypto.o
                0x0000f43c                CRYPTO_KeyRead
 .text.currentLimitersUpdate
                0x0000f468       0x74 ./platform/emlib/src/em_emu.o
 .text.dcdcHsFixLnBlock.part.0
                0x0000f4dc       0x30 ./platform/emlib/src/em_emu.o
 .text.dcdcFetCntSet.part.1
                0x0000f50c       0x20 ./platform/emlib/src/em_emu.o
 .text.emState.part.2
                0x0000f52c       0x24 ./platform/emlib/src/em_emu.o
 .text.emState  0x0000f550       0x60 ./platform/emlib/src/em_emu.o
 .text.EMU_EnterEM2
                0x0000f5b0       0x5c ./platform/emlib/src/em_emu.o
                0x0000f5b0                EMU_EnterEM2
 .text.EMU_EnterEM3
                0x0000f60c       0x80 ./platform/emlib/src/em_emu.o
                0x0000f60c                EMU_EnterEM3
 .text.EMU_Save
                0x0000f68c        0x4 ./platform/emlib/src/em_emu.o
                0x0000f68c                EMU_Save
 .text.EMU_Restore
                0x0000f690        0x8 ./platform/emlib/src/em_emu.o
                0x0000f690                EMU_Restore
 .text.EMU_DCDCModeSet
                0x0000f698       0x64 ./platform/emlib/src/em_emu.o
                0x0000f698                EMU_DCDCModeSet
 .text.EMU_EnterEM4
                0x0000f6fc       0x98 ./platform/emlib/src/em_emu.o
                0x0000f6fc                EMU_EnterEM4
 .text.EMU_DCDCOutputVoltageSet
                0x0000f794      0x1d0 ./platform/emlib/src/em_emu.o
                0x0000f794                EMU_DCDCOutputVoltageSet
 .text.EMU_DCDCOptimizeSlice
                0x0000f964       0x94 ./platform/emlib/src/em_emu.o
                0x0000f964                EMU_DCDCOptimizeSlice
 .text.EMU_DCDCLnRcoBandSet
                0x0000f9f8       0x24 ./platform/emlib/src/em_emu.o
                0x0000f9f8                EMU_DCDCLnRcoBandSet
 .text.EMU_DCDCInit
                0x0000fa1c      0x18c ./platform/emlib/src/em_emu.o
                0x0000fa1c                EMU_DCDCInit
 .text.GPIO_PinModeSet
                0x0000fba8       0x84 ./platform/emlib/src/em_gpio.o
                0x0000fba8                GPIO_PinModeSet
 .text.MSC_Init
                0x0000fc2c       0x18 ./platform/emlib/src/em_msc.o
                0x0000fc2c                MSC_Init
 .text.MSC_Deinit
                0x0000fc44       0x14 ./platform/emlib/src/em_msc.o
                0x0000fc44                MSC_Deinit
 .text.RMU_ResetCauseClear
                0x0000fc58        0xc ./platform/emlib/src/em_rmu.o
                0x0000fc58                RMU_ResetCauseClear
 .text.RMU_ResetCauseGet
                0x0000fc64       0x7c ./platform/emlib/src/em_rmu.o
                0x0000fc64                RMU_ResetCauseGet
 .text.RTCC_ChannelInit
                0x0000fce0       0x3c ./platform/emlib/src/em_rtcc.o
                0x0000fce0                RTCC_ChannelInit
 .text.RTCC_Init
                0x0000fd1c       0x6c ./platform/emlib/src/em_rtcc.o
                0x0000fd1c                RTCC_Init
 .text.SYSTEM_ChipRevisionGet
                0x0000fd88       0x34 ./platform/emlib/src/em_system.o
                0x0000fd88                SYSTEM_ChipRevisionGet
 .text.TIMER_Init
                0x0000fdbc       0xb0 ./platform/emlib/src/em_timer.o
                0x0000fdbc                TIMER_Init
 .text.TIMER_InitCC
                0x0000fe6c       0x84 ./platform/emlib/src/em_timer.o
                0x0000fe6c                TIMER_InitCC
 .text.TIMER_InitDTI
                0x0000fef0      0x108 ./platform/emlib/src/em_timer.o
                0x0000fef0                TIMER_InitDTI
 .text.eventDefault
                0x0000fff8        0x2 /home/miceuz/SimplicityStudio/v4_workspace/bleMoistureSensor3/platform/radio/rail_lib/autogen/librail_release/librail_efr32xg1_gcc_release.a(rail_rf_hal.o)
 *fill*         0x0000fffa        0x2 
 .text.setRssiPeriod
                0x0000fffc       0x18 /home/miceuz/SimplicityStudio/v4_workspace/bleMoistureSensor3/platform/radio/rail_lib/autogen/librail_release/librail_efr32xg1_gcc_release.a(rail_rf_hal.o)
 .text.RFHAL_NotifyUserOfIrCal
                0x00010014       0x68 /home/miceuz/SimplicityStudio/v4_workspace/bleMoistureSensor3/platform/radio/rail_lib/autogen/librail_release/librail_efr32xg1_gcc_release.a(rail_rf_hal.o)
 *fill*         0x0001007c        0x4 
 .text.GENERIC_PHY_EventCallback
                0x00010080      0x1a0 /home/miceuz/SimplicityStudio/v4_workspace/bleMoistureSensor3/platform/radio/rail_lib/autogen/librail_release/librail_efr32xg1_gcc_release.a(rail_rf_hal.o)
                0x00010080                GENERIC_PHY_EventCallback
 .text.RFHAL_IntEnable
                0x00010220       0x56 /home/miceuz/SimplicityStudio/v4_workspace/bleMoistureSensor3/platform/radio/rail_lib/autogen/librail_release/librail_efr32xg1_gcc_release.a(rail_rf_hal.o)
                0x00010220                RFHAL_IntEnable
 *fill*         0x00010276        0x2 
 .text.RFHAL_SetEventCallback
                0x00010278       0x18 /home/miceuz/SimplicityStudio/v4_workspace/bleMoistureSensor3/platform/radio/rail_lib/autogen/librail_release/librail_efr32xg1_gcc_release.a(rail_rf_hal.o)
                0x00010278                RFHAL_SetEventCallback
 .text.RFHAL_SetPtiProtocol
                0x00010290       0x20 /home/miceuz/SimplicityStudio/v4_workspace/bleMoistureSensor3/platform/radio/rail_lib/autogen/librail_release/librail_efr32xg1_gcc_release.a(rail_rf_hal.o)
                0x00010290                RFHAL_SetPtiProtocol
 .text.RFHAL_Idle
                0x000102b0       0x40 /home/miceuz/SimplicityStudio/v4_workspace/bleMoistureSensor3/platform/radio/rail_lib/autogen/librail_release/librail_efr32xg1_gcc_release.a(rail_rf_hal.o)
                0x000102b0                RFHAL_Idle
 .text.RFHAL_GetRadioState
                0x000102f0       0x7c /home/miceuz/SimplicityStudio/v4_workspace/bleMoistureSensor3/platform/radio/rail_lib/autogen/librail_release/librail_efr32xg1_gcc_release.a(rail_rf_hal.o)
                0x000102f0                RFHAL_GetRadioState
 .text.RFHAL_OkToTransmit
                0x0001036c       0x18 /home/miceuz/SimplicityStudio/v4_workspace/bleMoistureSensor3/platform/radio/rail_lib/autogen/librail_release/librail_efr32xg1_gcc_release.a(rail_rf_hal.o)
                0x0001036c                RFHAL_OkToTransmit
 .text.RFHAL_ScheduleRx
                0x00010384       0x74 /home/miceuz/SimplicityStudio/v4_workspace/bleMoistureSensor3/platform/radio/rail_lib/autogen/librail_release/librail_efr32xg1_gcc_release.a(rail_rf_hal.o)
                0x00010384                RFHAL_ScheduleRx
 .text.RFHAL_EnableRxRawCapture
                0x000103f8       0x5c /home/miceuz/SimplicityStudio/v4_workspace/bleMoistureSensor3/platform/radio/rail_lib/autogen/librail_release/librail_efr32xg1_gcc_release.a(rail_rf_hal.o)
                0x000103f8                RFHAL_EnableRxRawCapture
 .text.RFHAL_DisableRxRawCapture
                0x00010454       0x38 /home/miceuz/SimplicityStudio/v4_workspace/bleMoistureSensor3/platform/radio/rail_lib/autogen/librail_release/librail_efr32xg1_gcc_release.a(rail_rf_hal.o)
                0x00010454                RFHAL_DisableRxRawCapture
 .text.RFHAL_AcceptCrcErrors
                0x0001048c       0x18 /home/miceuz/SimplicityStudio/v4_workspace/bleMoistureSensor3/platform/radio/rail_lib/autogen/librail_release/librail_efr32xg1_gcc_release.a(rail_rf_hal.o)
                0x0001048c                RFHAL_AcceptCrcErrors
 .text.RFHAL_ConfigRxOptions
                0x000104a4       0x74 /home/miceuz/SimplicityStudio/v4_workspace/bleMoistureSensor3/platform/radio/rail_lib/autogen/librail_release/librail_efr32xg1_gcc_release.a(rail_rf_hal.o)
                0x000104a4                RFHAL_ConfigRxOptions
 .text.RFHAL_GetTimer
                0x00010518       0x10 /home/miceuz/SimplicityStudio/v4_workspace/bleMoistureSensor3/platform/radio/rail_lib/autogen/librail_release/librail_efr32xg1_gcc_release.a(rail_rf_hal.o)
                0x00010518                RFHAL_GetTimer
 .text.RFHAL_CancelTimer
                0x00010528       0x28 /home/miceuz/SimplicityStudio/v4_workspace/bleMoistureSensor3/platform/radio/rail_lib/autogen/librail_release/librail_efr32xg1_gcc_release.a(rail_rf_hal.o)
                0x00010528                RFHAL_CancelTimer
 .text.RFHAL_SetTimer
                0x00010550       0x84 /home/miceuz/SimplicityStudio/v4_workspace/bleMoistureSensor3/platform/radio/rail_lib/autogen/librail_release/librail_efr32xg1_gcc_release.a(rail_rf_hal.o)
                0x00010550                RFHAL_SetTimer
 .text.RFHAL_IsTimerExpired
                0x000105d4       0x1c /home/miceuz/SimplicityStudio/v4_workspace/bleMoistureSensor3/platform/radio/rail_lib/autogen/librail_release/librail_efr32xg1_gcc_release.a(rail_rf_hal.o)
                0x000105d4                RFHAL_IsTimerExpired
 .text.RFHAL_IsTimerRunning
                0x000105f0        0x6 /home/miceuz/SimplicityStudio/v4_workspace/bleMoistureSensor3/platform/radio/rail_lib/autogen/librail_release/librail_efr32xg1_gcc_release.a(rail_rf_hal.o)
                0x000105f0                RFHAL_IsTimerRunning
 *fill*         0x000105f6        0x2 
 .text.RFHAL_SetTxTransitions
                0x000105f8       0x1c /home/miceuz/SimplicityStudio/v4_workspace/bleMoistureSensor3/platform/radio/rail_lib/autogen/librail_release/librail_efr32xg1_gcc_release.a(rail_rf_hal.o)
                0x000105f8                RFHAL_SetTxTransitions
 .text.RFHAL_SetRxTransitions
                0x00010614       0x1c /home/miceuz/SimplicityStudio/v4_workspace/bleMoistureSensor3/platform/radio/rail_lib/autogen/librail_release/librail_efr32xg1_gcc_release.a(rail_rf_hal.o)
                0x00010614                RFHAL_SetRxTransitions
 .text.RFHAL_SetCRCInitVal
                0x00010630        0x4 /home/miceuz/SimplicityStudio/v4_workspace/bleMoistureSensor3/platform/radio/rail_lib/autogen/librail_release/librail_efr32xg1_gcc_release.a(rail_rf_hal.o)
                0x00010630                RFHAL_SetCRCInitVal
 .text.RFHAL_ConfigTxPower
                0x00010634        0xc /home/miceuz/SimplicityStudio/v4_workspace/bleMoistureSensor3/platform/radio/rail_lib/autogen/librail_release/librail_efr32xg1_gcc_release.a(rail_rf_hal.o)
                0x00010634                RFHAL_ConfigTxPower
 .text.RFHAL_SetTxPowerUnchecked
                0x00010640       0x18 /home/miceuz/SimplicityStudio/v4_workspace/bleMoistureSensor3/platform/radio/rail_lib/autogen/librail_release/librail_efr32xg1_gcc_release.a(rail_rf_hal.o)
                0x00010640                RFHAL_SetTxPowerUnchecked
 .text.RFHAL_SetTxPower
                0x00010658       0x3c /home/miceuz/SimplicityStudio/v4_workspace/bleMoistureSensor3/platform/radio/rail_lib/autogen/librail_release/librail_efr32xg1_gcc_release.a(rail_rf_hal.o)
                0x00010658                RFHAL_SetTxPower
 .text.RFHAL_GetTxPowerConfig
                0x00010694        0xc /home/miceuz/SimplicityStudio/v4_workspace/bleMoistureSensor3/platform/radio/rail_lib/autogen/librail_release/librail_efr32xg1_gcc_release.a(rail_rf_hal.o)
                0x00010694                RFHAL_GetTxPowerConfig
 .text.RFHAL_GetTxPower
                0x000106a0        0x4 /home/miceuz/SimplicityStudio/v4_workspace/bleMoistureSensor3/platform/radio/rail_lib/autogen/librail_release/librail_efr32xg1_gcc_release.a(rail_rf_hal.o)
                0x000106a0                RFHAL_GetTxPower
 .text.RFHAL_SetChannel
                0x000106a4       0x98 /home/miceuz/SimplicityStudio/v4_workspace/bleMoistureSensor3/platform/radio/rail_lib/autogen/librail_release/librail_efr32xg1_gcc_release.a(rail_rf_hal.o)
                0x000106a4                RFHAL_SetChannel
 .text.RFHAL_IsAutoAckEnabled
                0x0001073c        0x6 /home/miceuz/SimplicityStudio/v4_workspace/bleMoistureSensor3/platform/radio/rail_lib/autogen/librail_release/librail_efr32xg1_gcc_release.a(rail_rf_hal.o)
                0x0001073c                RFHAL_IsAutoAckEnabled
 *fill*         0x00010742        0x2 
 .text.RFHAL_AutoAckWaitForAck
                0x00010744       0x18 /home/miceuz/SimplicityStudio/v4_workspace/bleMoistureSensor3/platform/radio/rail_lib/autogen/librail_release/librail_efr32xg1_gcc_release.a(rail_rf_hal.o)
                0x00010744                RFHAL_AutoAckWaitForAck
 .text.preTxOps
                0x0001075c       0xc4 /home/miceuz/SimplicityStudio/v4_workspace/bleMoistureSensor3/platform/radio/rail_lib/autogen/librail_release/librail_efr32xg1_gcc_release.a(rail_rf_hal.o)
 .text.RFHAL_StartTx
                0x00010820       0x12 /home/miceuz/SimplicityStudio/v4_workspace/bleMoistureSensor3/platform/radio/rail_lib/autogen/librail_release/librail_efr32xg1_gcc_release.a(rail_rf_hal.o)
                0x00010820                RFHAL_StartTx
 .text.RFHAL_StartScheduledTx
                0x00010832       0x3a /home/miceuz/SimplicityStudio/v4_workspace/bleMoistureSensor3/platform/radio/rail_lib/autogen/librail_release/librail_efr32xg1_gcc_release.a(rail_rf_hal.o)
                0x00010832                RFHAL_StartScheduledTx
 .text.RFHAL_GetRxPacketInfo
                0x0001086c       0x48 /home/miceuz/SimplicityStudio/v4_workspace/bleMoistureSensor3/platform/radio/rail_lib/autogen/librail_release/librail_efr32xg1_gcc_release.a(rail_rf_hal.o)
                0x0001086c                RFHAL_GetRxPacketInfo
 .text.RFHAL_GetRxPacketDetails
                0x000108b4       0xcc /home/miceuz/SimplicityStudio/v4_workspace/bleMoistureSensor3/platform/radio/rail_lib/autogen/librail_release/librail_efr32xg1_gcc_release.a(rail_rf_hal.o)
                0x000108b4                RFHAL_GetRxPacketDetails
 .text.RFHAL_SetTxBuffer
                0x00010980       0x3a /home/miceuz/SimplicityStudio/v4_workspace/bleMoistureSensor3/platform/radio/rail_lib/autogen/librail_release/librail_efr32xg1_gcc_release.a(rail_rf_hal.o)
                0x00010980                RFHAL_SetTxBuffer
 *fill*         0x000109ba        0x2 
 .text.RFHAL_ResetTxFifo
                0x000109bc       0x2c /home/miceuz/SimplicityStudio/v4_workspace/bleMoistureSensor3/platform/radio/rail_lib/autogen/librail_release/librail_efr32xg1_gcc_release.a(rail_rf_hal.o)
                0x000109bc                RFHAL_ResetTxFifo
 .text.RFHAL_WriteTxFifo
                0x000109e8       0x28 /home/miceuz/SimplicityStudio/v4_workspace/bleMoistureSensor3/platform/radio/rail_lib/autogen/librail_release/librail_efr32xg1_gcc_release.a(rail_rf_hal.o)
                0x000109e8                RFHAL_WriteTxFifo
 .text.RFHAL_ResetRxFifo
                0x00010a10       0x40 /home/miceuz/SimplicityStudio/v4_workspace/bleMoistureSensor3/platform/radio/rail_lib/autogen/librail_release/librail_efr32xg1_gcc_release.a(rail_rf_hal.o)
                0x00010a10                RFHAL_ResetRxFifo
 .text.RFHAL_ConfigData
                0x00010a50       0x7c /home/miceuz/SimplicityStudio/v4_workspace/bleMoistureSensor3/platform/radio/rail_lib/autogen/librail_release/librail_efr32xg1_gcc_release.a(rail_rf_hal.o)
                0x00010a50                RFHAL_ConfigData
 .text.RFHAL_SetAbortScheduledTxDuringRx
                0x00010acc       0x18 /home/miceuz/SimplicityStudio/v4_workspace/bleMoistureSensor3/platform/radio/rail_lib/autogen/librail_release/librail_efr32xg1_gcc_release.a(rail_rf_hal.o)
                0x00010acc                RFHAL_SetAbortScheduledTxDuringRx
 .text.RFHAL_ConfigFrameTypeLength
                0x00010ae4       0x70 /home/miceuz/SimplicityStudio/v4_workspace/bleMoistureSensor3/platform/radio/rail_lib/autogen/librail_release/librail_efr32xg1_gcc_release.a(rail_rf_hal.o)
                0x00010ae4                RFHAL_ConfigFrameTypeLength
 .text.RFHAL_ConfigRadio
                0x00010b54       0xe8 /home/miceuz/SimplicityStudio/v4_workspace/bleMoistureSensor3/platform/radio/rail_lib/autogen/librail_release/librail_efr32xg1_gcc_release.a(rail_rf_hal.o)
                0x00010b54                RFHAL_ConfigRadio
 .text.RFHAL_GetTime
                0x00010c3c        0xe /home/miceuz/SimplicityStudio/v4_workspace/bleMoistureSensor3/platform/radio/rail_lib/autogen/librail_release/librail_efr32xg1_gcc_release.a(rail_rf_hal.o)
                0x00010c3c                RFHAL_GetTime
 *fill*         0x00010c4a        0x2 
 .text.RFHAL_ResetAddressFilter
                0x00010c4c       0x10 /home/miceuz/SimplicityStudio/v4_workspace/bleMoistureSensor3/platform/radio/rail_lib/autogen/librail_release/librail_efr32xg1_gcc_release.a(rail_rf_hal.o)
                0x00010c4c                RFHAL_ResetAddressFilter
 .text.RFHAL_Init
                0x00010c5c       0xa4 /home/miceuz/SimplicityStudio/v4_workspace/bleMoistureSensor3/platform/radio/rail_lib/autogen/librail_release/librail_efr32xg1_gcc_release.a(rail_rf_hal.o)
                0x00010c5c                RFHAL_Init
 .text.RFHAL_GetRadioEntropy
                0x00010d00        0x4 /home/miceuz/SimplicityStudio/v4_workspace/bleMoistureSensor3/platform/radio/rail_lib/autogen/librail_release/librail_efr32xg1_gcc_release.a(rail_rf_hal.o)
                0x00010d00                RFHAL_GetRadioEntropy
 .text.RFHAL_SetStateTiming
                0x00010d04       0x56 /home/miceuz/SimplicityStudio/v4_workspace/bleMoistureSensor3/platform/radio/rail_lib/autogen/librail_release/librail_efr32xg1_gcc_release.a(rail_rf_hal.o)
                0x00010d04                RFHAL_SetStateTiming
 .text.RFHAL_IEEE802154IsEnabled
                0x00010d5a        0x6 /home/miceuz/SimplicityStudio/v4_workspace/bleMoistureSensor3/platform/radio/rail_lib/autogen/librail_release/librail_efr32xg1_gcc_release.a(rail_ieee802154_rf_hal.o)
                0x00010d5a                RFHAL_IEEE802154IsEnabled
 .text.setMultiTimer
                0x00010d60        0x4 /home/miceuz/SimplicityStudio/v4_workspace/bleMoistureSensor3/platform/radio/rail_lib/autogen/librail_release/librail_efr32xg1_gcc_release.a(rail_singleprotocol.o)
 .text.cancelMultiTimer
                0x00010d64        0x4 /home/miceuz/SimplicityStudio/v4_workspace/bleMoistureSensor3/platform/radio/rail_lib/autogen/librail_release/librail_efr32xg1_gcc_release.a(rail_singleprotocol.o)
 .text.isMultiTimerRunning
                0x00010d68        0x4 /home/miceuz/SimplicityStudio/v4_workspace/bleMoistureSensor3/platform/radio/rail_lib/autogen/librail_release/librail_efr32xg1_gcc_release.a(rail_singleprotocol.o)
 .text.isMultiTimerExpired
                0x00010d6c        0x4 /home/miceuz/SimplicityStudio/v4_workspace/bleMoistureSensor3/platform/radio/rail_lib/autogen/librail_release/librail_efr32xg1_gcc_release.a(rail_singleprotocol.o)
 .text.getMultiTimer
                0x00010d70        0x4 /home/miceuz/SimplicityStudio/v4_workspace/bleMoistureSensor3/platform/radio/rail_lib/autogen/librail_release/librail_efr32xg1_gcc_release.a(rail_singleprotocol.o)
 .text.RAIL_Init
                0x00010d74       0x20 /home/miceuz/SimplicityStudio/v4_workspace/bleMoistureSensor3/platform/radio/rail_lib/autogen/librail_release/librail_efr32xg1_gcc_release.a(rail_singleprotocol.o)
                0x00010d74                RAIL_Init
 .text.RAIL_GetSchedulerStatus
                0x00010d94        0x4 /home/miceuz/SimplicityStudio/v4_workspace/bleMoistureSensor3/platform/radio/rail_lib/autogen/librail_release/librail_efr32xg1_gcc_release.a(rail_singleprotocol.o)
                0x00010d94                RAIL_GetSchedulerStatus
 .text.RAIL_Idle
                0x00010d98        0x8 /home/miceuz/SimplicityStudio/v4_workspace/bleMoistureSensor3/platform/radio/rail_lib/autogen/librail_release/librail_efr32xg1_gcc_release.a(rail_singleprotocol.o)
                0x00010d98                RAIL_Idle
 .text.RAIL_YieldRadio
                0x00010da0        0x2 /home/miceuz/SimplicityStudio/v4_workspace/bleMoistureSensor3/platform/radio/rail_lib/autogen/librail_release/librail_efr32xg1_gcc_release.a(rail_singleprotocol.o)
                0x00010da0                RAIL_YieldRadio
 .text.RAIL_GetRadioEntropy
                0x00010da2        0x8 /home/miceuz/SimplicityStudio/v4_workspace/bleMoistureSensor3/platform/radio/rail_lib/autogen/librail_release/librail_efr32xg1_gcc_release.a(rail_singleprotocol.o)
                0x00010da2                RAIL_GetRadioEntropy
 *fill*         0x00010daa        0x2 
 .text.RAIL_SetTimer
                0x00010dac       0x20 /home/miceuz/SimplicityStudio/v4_workspace/bleMoistureSensor3/platform/radio/rail_lib/autogen/librail_release/librail_efr32xg1_gcc_release.a(rail_singleprotocol.o)
                0x00010dac                RAIL_SetTimer
 .text.RAIL_CancelTimer
                0x00010dcc        0xc /home/miceuz/SimplicityStudio/v4_workspace/bleMoistureSensor3/platform/radio/rail_lib/autogen/librail_release/librail_efr32xg1_gcc_release.a(rail_singleprotocol.o)
                0x00010dcc                RAIL_CancelTimer
 .text.RAIL_StartTx
                0x00010dd8        0xa /home/miceuz/SimplicityStudio/v4_workspace/bleMoistureSensor3/platform/radio/rail_lib/autogen/librail_release/librail_efr32xg1_gcc_release.a(rail_singleprotocol.o)
                0x00010dd8                RAIL_StartTx
 .text.RAIL_StartScheduledTx
                0x00010de2        0xa /home/miceuz/SimplicityStudio/v4_workspace/bleMoistureSensor3/platform/radio/rail_lib/autogen/librail_release/librail_efr32xg1_gcc_release.a(rail_singleprotocol.o)
                0x00010de2                RAIL_StartScheduledTx
 .text.RAIL_ScheduleRx
                0x00010dec        0xa /home/miceuz/SimplicityStudio/v4_workspace/bleMoistureSensor3/platform/radio/rail_lib/autogen/librail_release/librail_efr32xg1_gcc_release.a(rail_singleprotocol.o)
                0x00010dec                RAIL_ScheduleRx
 .text.radioConfigChangedDefault
                0x00010df6        0x2 /home/miceuz/SimplicityStudio/v4_workspace/bleMoistureSensor3/platform/radio/rail_lib/autogen/librail_release/librail_efr32xg1_gcc_release.a(rail_rf.o)
 .text.isTransitionState
                0x00010df8       0x12 /home/miceuz/SimplicityStudio/v4_workspace/bleMoistureSensor3/platform/radio/rail_lib/autogen/librail_release/librail_efr32xg1_gcc_release.a(rail_rf.o)
 .text.RAILCore_Init
                0x00010e0a       0x12 /home/miceuz/SimplicityStudio/v4_workspace/bleMoistureSensor3/platform/radio/rail_lib/autogen/librail_release/librail_efr32xg1_gcc_release.a(rail_rf.o)
                0x00010e0a                RAILCore_Init
 .text.RAILInt_SetCallbackConfig
                0x00010e1c       0x20 /home/miceuz/SimplicityStudio/v4_workspace/bleMoistureSensor3/platform/radio/rail_lib/autogen/librail_release/librail_efr32xg1_gcc_release.a(rail_rf.o)
                0x00010e1c                RAILInt_SetCallbackConfig
 .text.RAILCore_Idle
                0x00010e3c       0x14 /home/miceuz/SimplicityStudio/v4_workspace/bleMoistureSensor3/platform/radio/rail_lib/autogen/librail_release/librail_efr32xg1_gcc_release.a(rail_rf.o)
                0x00010e3c                RAILCore_Idle
 .text.RAIL_SetStateTiming
                0x00010e50        0xa /home/miceuz/SimplicityStudio/v4_workspace/bleMoistureSensor3/platform/radio/rail_lib/autogen/librail_release/librail_efr32xg1_gcc_release.a(rail_rf.o)
                0x00010e50                RAIL_SetStateTiming
 *fill*         0x00010e5a        0x2 
 .text.RAILInt_IsPowerInRange
                0x00010e5c       0x3c /home/miceuz/SimplicityStudio/v4_workspace/bleMoistureSensor3/platform/radio/rail_lib/autogen/librail_release/librail_efr32xg1_gcc_release.a(rail_rf.o)
                0x00010e5c                RAILInt_IsPowerInRange
 .text.RAILInt_SetChannel
                0x00010e98      0x1d8 /home/miceuz/SimplicityStudio/v4_workspace/bleMoistureSensor3/platform/radio/rail_lib/autogen/librail_release/librail_efr32xg1_gcc_release.a(rail_rf.o)
                0x00010e98                RAILInt_SetChannel
 .text.RAILCore_ConfigChannels
                0x00011070       0x58 /home/miceuz/SimplicityStudio/v4_workspace/bleMoistureSensor3/platform/radio/rail_lib/autogen/librail_release/librail_efr32xg1_gcc_release.a(rail_rf.o)
                0x00011070                RAILCore_ConfigChannels
 .text.RAILInt_GetChannel
                0x000110c8        0x4 /home/miceuz/SimplicityStudio/v4_workspace/bleMoistureSensor3/platform/radio/rail_lib/autogen/librail_release/librail_efr32xg1_gcc_release.a(rail_rf.o)
                0x000110c8                RAILInt_GetChannel
 .text.RAILCore_SetTxTransitions
                0x000110cc       0x3c /home/miceuz/SimplicityStudio/v4_workspace/bleMoistureSensor3/platform/radio/rail_lib/autogen/librail_release/librail_efr32xg1_gcc_release.a(rail_rf.o)
                0x000110cc                RAILCore_SetTxTransitions
 .text.RAIL_SetTxTransitions
                0x00011108        0xa /home/miceuz/SimplicityStudio/v4_workspace/bleMoistureSensor3/platform/radio/rail_lib/autogen/librail_release/librail_efr32xg1_gcc_release.a(rail_rf.o)
                0x00011108                RAIL_SetTxTransitions
 .text.RAILCore_SetRxTransitions
                0x00011112       0x38 /home/miceuz/SimplicityStudio/v4_workspace/bleMoistureSensor3/platform/radio/rail_lib/autogen/librail_release/librail_efr32xg1_gcc_release.a(rail_rf.o)
                0x00011112                RAILCore_SetRxTransitions
 .text.RAIL_SetRxTransitions
                0x0001114a        0xa /home/miceuz/SimplicityStudio/v4_workspace/bleMoistureSensor3/platform/radio/rail_lib/autogen/librail_release/librail_efr32xg1_gcc_release.a(rail_rf.o)
                0x0001114a                RAIL_SetRxTransitions
 .text.RAIL_ConfigEvents
                0x00011154       0x14 /home/miceuz/SimplicityStudio/v4_workspace/bleMoistureSensor3/platform/radio/rail_lib/autogen/librail_release/librail_efr32xg1_gcc_release.a(rail_rf.o)
                0x00011154                RAIL_ConfigEvents
 .text.RAIL_ConfigRxOptions
                0x00011168        0xa /home/miceuz/SimplicityStudio/v4_workspace/bleMoistureSensor3/platform/radio/rail_lib/autogen/librail_release/librail_efr32xg1_gcc_release.a(rail_rx.o)
                0x00011168                RAIL_ConfigRxOptions
 .text.RAILCore_ScheduleRx
                0x00011172       0x2c /home/miceuz/SimplicityStudio/v4_workspace/bleMoistureSensor3/platform/radio/rail_lib/autogen/librail_release/librail_efr32xg1_gcc_release.a(rail_rx.o)
                0x00011172                RAILCore_ScheduleRx
 .text.RAILInt_PreTxOps
                0x0001119e       0x1c /home/miceuz/SimplicityStudio/v4_workspace/bleMoistureSensor3/platform/radio/rail_lib/autogen/librail_release/librail_efr32xg1_gcc_release.a(rail_tx.o)
                0x0001119e                RAILInt_PreTxOps
 .text.RAILCore_StartTx
                0x000111ba       0x1a /home/miceuz/SimplicityStudio/v4_workspace/bleMoistureSensor3/platform/radio/rail_lib/autogen/librail_release/librail_efr32xg1_gcc_release.a(rail_tx.o)
                0x000111ba                RAILCore_StartTx
 .text.RAILCore_StartScheduledTx
                0x000111d4       0x1e /home/miceuz/SimplicityStudio/v4_workspace/bleMoistureSensor3/platform/radio/rail_lib/autogen/librail_release/librail_efr32xg1_gcc_release.a(rail_tx.o)
                0x000111d4                RAILCore_StartScheduledTx
 .text.RAIL_SetTxPower
                0x000111f2        0xa /home/miceuz/SimplicityStudio/v4_workspace/bleMoistureSensor3/platform/radio/rail_lib/autogen/librail_release/librail_efr32xg1_gcc_release.a(rail_tx.o)
                0x000111f2                RAIL_SetTxPower
 .text.RAIL_GetTxPower
                0x000111fc        0xa /home/miceuz/SimplicityStudio/v4_workspace/bleMoistureSensor3/platform/radio/rail_lib/autogen/librail_release/librail_efr32xg1_gcc_release.a(rail_tx.o)
                0x000111fc                RAIL_GetTxPower
 .text.RAIL_ConfigTxPower
                0x00011206       0x1a /home/miceuz/SimplicityStudio/v4_workspace/bleMoistureSensor3/platform/radio/rail_lib/autogen/librail_release/librail_efr32xg1_gcc_release.a(rail_tx.o)
                0x00011206                RAIL_ConfigTxPower
 .text.RAILInt_PendCal
                0x00011220       0x24 /home/miceuz/SimplicityStudio/v4_workspace/bleMoistureSensor3/platform/radio/rail_lib/autogen/librail_release/librail_efr32xg1_gcc_release.a(rail_calibration.o)
                0x00011220                RAILInt_PendCal
 .text.RAILCb_AssertFailed
                0x00011244       0x14 /home/miceuz/SimplicityStudio/v4_workspace/bleMoistureSensor3/platform/radio/rail_lib/autogen/librail_release/librail_efr32xg1_gcc_release.a(rail_assert.o)
                0x00011244                RAILCb_AssertFailed
 .text.RAILInt_Assert
                0x00011258       0x1c /home/miceuz/SimplicityStudio/v4_workspace/bleMoistureSensor3/platform/radio/rail_lib/autogen/librail_release/librail_efr32xg1_gcc_release.a(rail_assert.o)
                0x00011258                RAILInt_Assert
 .text.RAIL_GetTime
                0x00011274        0x4 /home/miceuz/SimplicityStudio/v4_workspace/bleMoistureSensor3/platform/radio/rail_lib/autogen/librail_release/librail_efr32xg1_gcc_release.a(rail_timer.o)
                0x00011274                RAIL_GetTime
 .text.BUFC_ReadHelper
                0x00011278       0x7c /home/miceuz/SimplicityStudio/v4_workspace/bleMoistureSensor3/platform/radio/rail_lib/autogen/librail_release/librail_efr32xg1_gcc_release.a(bufc.o)
 .text.checkAndAddRxLenOverflowEntry
                0x000112f4       0x3c /home/miceuz/SimplicityStudio/v4_workspace/bleMoistureSensor3/platform/radio/rail_lib/autogen/librail_release/librail_efr32xg1_gcc_release.a(bufc.o)
 .text.BUFC_SetTxBuffer
                0x00011330       0x38 /home/miceuz/SimplicityStudio/v4_workspace/bleMoistureSensor3/platform/radio/rail_lib/autogen/librail_release/librail_efr32xg1_gcc_release.a(bufc.o)
                0x00011330                BUFC_SetTxBuffer
 .text.BUFC_WriteBuffer
                0x00011368       0xa8 /home/miceuz/SimplicityStudio/v4_workspace/bleMoistureSensor3/platform/radio/rail_lib/autogen/librail_release/librail_efr32xg1_gcc_release.a(bufc.o)
                0x00011368                BUFC_WriteBuffer
 .text.BUFC_Peek
                0x00011410       0x12 /home/miceuz/SimplicityStudio/v4_workspace/bleMoistureSensor3/platform/radio/rail_lib/autogen/librail_release/librail_efr32xg1_gcc_release.a(bufc.o)
                0x00011410                BUFC_Peek
 .text.BUFC_PeekByte
                0x00011422       0x34 /home/miceuz/SimplicityStudio/v4_workspace/bleMoistureSensor3/platform/radio/rail_lib/autogen/librail_release/librail_efr32xg1_gcc_release.a(bufc.o)
                0x00011422                BUFC_PeekByte
 *fill*         0x00011456        0x2 
 .text.BUFC_GetSpaceAvailable
                0x00011458       0x28 /home/miceuz/SimplicityStudio/v4_workspace/bleMoistureSensor3/platform/radio/rail_lib/autogen/librail_release/librail_efr32xg1_gcc_release.a(bufc.o)
                0x00011458                BUFC_GetSpaceAvailable
 .text.BUFC_GetBytesAvailable
                0x00011480       0x14 /home/miceuz/SimplicityStudio/v4_workspace/bleMoistureSensor3/platform/radio/rail_lib/autogen/librail_release/librail_efr32xg1_gcc_release.a(bufc.o)
                0x00011480                BUFC_GetBytesAvailable
 .text.BUFC_TxAckBufferSet
                0x00011494       0x38 /home/miceuz/SimplicityStudio/v4_workspace/bleMoistureSensor3/platform/radio/rail_lib/autogen/librail_release/librail_efr32xg1_gcc_release.a(bufc.o)
                0x00011494                BUFC_TxAckBufferSet
 .text.BUFC_RxBufferReset
                0x000114cc       0x5c /home/miceuz/SimplicityStudio/v4_workspace/bleMoistureSensor3/platform/radio/rail_lib/autogen/librail_release/librail_efr32xg1_gcc_release.a(bufc.o)
                0x000114cc                BUFC_RxBufferReset
 .text.BUFC_Init
                0x00011528       0x64 /home/miceuz/SimplicityStudio/v4_workspace/bleMoistureSensor3/platform/radio/rail_lib/autogen/librail_release/librail_efr32xg1_gcc_release.a(bufc.o)
                0x00011528                BUFC_Init
 .text.BUFC_ReleaseRxPacket
                0x0001158c      0x10c /home/miceuz/SimplicityStudio/v4_workspace/bleMoistureSensor3/platform/radio/rail_lib/autogen/librail_release/librail_efr32xg1_gcc_release.a(bufc.o)
                0x0001158c                BUFC_ReleaseRxPacket
 .text.BUFC_StartRxLenThrEvent
                0x00011698       0x98 /home/miceuz/SimplicityStudio/v4_workspace/bleMoistureSensor3/platform/radio/rail_lib/autogen/librail_release/librail_efr32xg1_gcc_release.a(bufc.o)
                0x00011698                BUFC_StartRxLenThrEvent
 .text.BUFC_EndRxLenThrEvent
                0x00011730       0x1c /home/miceuz/SimplicityStudio/v4_workspace/bleMoistureSensor3/platform/radio/rail_lib/autogen/librail_release/librail_efr32xg1_gcc_release.a(bufc.o)
                0x00011730                BUFC_EndRxLenThrEvent
 .text.BUFC_HandleRxLenOvfEvent
                0x0001174c       0x28 /home/miceuz/SimplicityStudio/v4_workspace/bleMoistureSensor3/platform/radio/rail_lib/autogen/librail_release/librail_efr32xg1_gcc_release.a(bufc.o)
                0x0001174c                BUFC_HandleRxLenOvfEvent
 .text.BUFC_GetRxPacketInfo
                0x00011774      0x13c /home/miceuz/SimplicityStudio/v4_workspace/bleMoistureSensor3/platform/radio/rail_lib/autogen/librail_release/librail_efr32xg1_gcc_release.a(bufc.o)
                0x00011774                BUFC_GetRxPacketInfo
 .text.IRCAL_Set
                0x000118b0       0x1c /home/miceuz/SimplicityStudio/v4_workspace/bleMoistureSensor3/platform/radio/rail_lib/autogen/librail_release/librail_efr32xg1_gcc_release.a(ir_cal.o)
                0x000118b0                IRCAL_Set
 .text.PA_ProtectPa
                0x000118cc       0xbc /home/miceuz/SimplicityStudio/v4_workspace/bleMoistureSensor3/platform/radio/rail_lib/autogen/librail_release/librail_efr32xg1_gcc_release.a(pa.o)
 .text.getRampTimeFromLevelAndRate
                0x00011988       0x20 /home/miceuz/SimplicityStudio/v4_workspace/bleMoistureSensor3/platform/radio/rail_lib/autogen/librail_release/librail_efr32xg1_gcc_release.a(pa.o)
 .text.PA_GetTxPowerConfig
                0x000119a8       0x14 /home/miceuz/SimplicityStudio/v4_workspace/bleMoistureSensor3/platform/radio/rail_lib/autogen/librail_release/librail_efr32xg1_gcc_release.a(pa.o)
                0x000119a8                PA_GetTxPowerConfig
 .text.PA_GetPowerLevel
                0x000119bc        0xc /home/miceuz/SimplicityStudio/v4_workspace/bleMoistureSensor3/platform/radio/rail_lib/autogen/librail_release/librail_efr32xg1_gcc_release.a(pa.o)
                0x000119bc                PA_GetPowerLevel
 .text.PA_SetPowerLevel
                0x000119c8      0x194 /home/miceuz/SimplicityStudio/v4_workspace/bleMoistureSensor3/platform/radio/rail_lib/autogen/librail_release/librail_efr32xg1_gcc_release.a(pa.o)
                0x000119c8                PA_SetPowerLevel
 .text.PA_RunPeakDetectorHigh
                0x00011b5c       0x4c /home/miceuz/SimplicityStudio/v4_workspace/bleMoistureSensor3/platform/radio/rail_lib/autogen/librail_release/librail_efr32xg1_gcc_release.a(pa.o)
                0x00011b5c                PA_RunPeakDetectorHigh
 .text.PA_RunPeakDetectorLow
                0x00011ba8        0x2 /home/miceuz/SimplicityStudio/v4_workspace/bleMoistureSensor3/platform/radio/rail_lib/autogen/librail_release/librail_efr32xg1_gcc_release.a(pa.o)
                0x00011ba8                PA_RunPeakDetectorLow
 *fill*         0x00011baa        0x2 
 .text.PA_RunBatHigh
                0x00011bac       0x2c /home/miceuz/SimplicityStudio/v4_workspace/bleMoistureSensor3/platform/radio/rail_lib/autogen/librail_release/librail_efr32xg1_gcc_release.a(pa.o)
                0x00011bac                PA_RunBatHigh
 .text.PA_GetRampTime
                0x00011bd8        0xc /home/miceuz/SimplicityStudio/v4_workspace/bleMoistureSensor3/platform/radio/rail_lib/autogen/librail_release/librail_efr32xg1_gcc_release.a(pa.o)
                0x00011bd8                PA_GetRampTime
 .text.PA_ConfigRamp
                0x00011be4       0x20 /home/miceuz/SimplicityStudio/v4_workspace/bleMoistureSensor3/platform/radio/rail_lib/autogen/librail_release/librail_efr32xg1_gcc_release.a(pa.o)
                0x00011be4                PA_ConfigRamp
 .text.PA_CalcRampTime
                0x00011c04       0x44 /home/miceuz/SimplicityStudio/v4_workspace/bleMoistureSensor3/platform/radio/rail_lib/autogen/librail_release/librail_efr32xg1_gcc_release.a(pa.o)
                0x00011c04                PA_CalcRampTime
 .text.PA_SetRampTime
                0x00011c48       0xac /home/miceuz/SimplicityStudio/v4_workspace/bleMoistureSensor3/platform/radio/rail_lib/autogen/librail_release/librail_efr32xg1_gcc_release.a(pa.o)
                0x00011c48                PA_SetRampTime
 .text.PA_SelectBand
                0x00011cf4       0x50 /home/miceuz/SimplicityStudio/v4_workspace/bleMoistureSensor3/platform/radio/rail_lib/autogen/librail_release/librail_efr32xg1_gcc_release.a(pa.o)
                0x00011cf4                PA_SelectBand
 .text.PA_Config
                0x00011d44      0x15c /home/miceuz/SimplicityStudio/v4_workspace/bleMoistureSensor3/platform/radio/rail_lib/autogen/librail_release/librail_efr32xg1_gcc_release.a(pa.o)
                0x00011d44                PA_Config
 .text.PA_UpdateConfig
                0x00011ea0       0x38 /home/miceuz/SimplicityStudio/v4_workspace/bleMoistureSensor3/platform/radio/rail_lib/autogen/librail_release/librail_efr32xg1_gcc_release.a(pa.o)
                0x00011ea0                PA_UpdateConfig
 .text.PROTIMER_Init
                0x00011ed8       0xe8 /home/miceuz/SimplicityStudio/v4_workspace/bleMoistureSensor3/platform/radio/rail_lib/autogen/librail_release/librail_efr32xg1_gcc_release.a(protimer.o)
                0x00011ed8                PROTIMER_Init
 .text.PROTIMER_Start
                0x00011fc0       0x1c /home/miceuz/SimplicityStudio/v4_workspace/bleMoistureSensor3/platform/radio/rail_lib/autogen/librail_release/librail_efr32xg1_gcc_release.a(protimer.o)
                0x00011fc0                PROTIMER_Start
 .text.PROTIMER_ElapsedTime
                0x00011fdc       0x1c /home/miceuz/SimplicityStudio/v4_workspace/bleMoistureSensor3/platform/radio/rail_lib/autogen/librail_release/librail_efr32xg1_gcc_release.a(protimer.o)
                0x00011fdc                PROTIMER_ElapsedTime
 .text.PROTIMER_CCTimerStop
                0x00011ff8       0x20 /home/miceuz/SimplicityStudio/v4_workspace/bleMoistureSensor3/platform/radio/rail_lib/autogen/librail_release/librail_efr32xg1_gcc_release.a(protimer.o)
                0x00011ff8                PROTIMER_CCTimerStop
 .text.PROTIMER_CCTimerStart
                0x00012018      0x164 /home/miceuz/SimplicityStudio/v4_workspace/bleMoistureSensor3/platform/radio/rail_lib/autogen/librail_release/librail_efr32xg1_gcc_release.a(protimer.o)
                0x00012018                PROTIMER_CCTimerStart
 .text.PROTIMER_WrapMultiple
                0x0001217c       0x12 /home/miceuz/SimplicityStudio/v4_workspace/bleMoistureSensor3/platform/radio/rail_lib/autogen/librail_release/librail_efr32xg1_gcc_release.a(protimer.o)
                0x0001217c                PROTIMER_WrapMultiple
 *fill*         0x0001218e        0x2 
 .text.PROTIMER_CCTimerIsEnabled
                0x00012190       0x10 /home/miceuz/SimplicityStudio/v4_workspace/bleMoistureSensor3/platform/radio/rail_lib/autogen/librail_release/librail_efr32xg1_gcc_release.a(protimer.o)
                0x00012190                PROTIMER_CCTimerIsEnabled
 .text.PROTIMER_CCTimerCapture
                0x000121a0       0x14 /home/miceuz/SimplicityStudio/v4_workspace/bleMoistureSensor3/platform/radio/rail_lib/autogen/librail_release/librail_efr32xg1_gcc_release.a(protimer.o)
                0x000121a0                PROTIMER_CCTimerCapture
 .text.PROTIMER_ScheduleTxEnable
                0x000121b4       0x2c /home/miceuz/SimplicityStudio/v4_workspace/bleMoistureSensor3/platform/radio/rail_lib/autogen/librail_release/librail_efr32xg1_gcc_release.a(protimer.o)
                0x000121b4                PROTIMER_ScheduleTxEnable
 .text.PROTIMER_ScheduleRxEnable
                0x000121e0       0x2c /home/miceuz/SimplicityStudio/v4_workspace/bleMoistureSensor3/platform/radio/rail_lib/autogen/librail_release/librail_efr32xg1_gcc_release.a(protimer.o)
                0x000121e0                PROTIMER_ScheduleRxEnable
 .text.PROTIMER_ScheduleRxDisable
                0x0001220c       0x38 /home/miceuz/SimplicityStudio/v4_workspace/bleMoistureSensor3/platform/radio/rail_lib/autogen/librail_release/librail_efr32xg1_gcc_release.a(protimer.o)
                0x0001220c                PROTIMER_ScheduleRxDisable
 .text.PROTIMER_ClearRxEnable
                0x00012244       0x10 /home/miceuz/SimplicityStudio/v4_workspace/bleMoistureSensor3/platform/radio/rail_lib/autogen/librail_release/librail_efr32xg1_gcc_release.a(protimer.o)
                0x00012244                PROTIMER_ClearRxEnable
 .text.PROTIMER_GetTime
                0x00012254        0xc /home/miceuz/SimplicityStudio/v4_workspace/bleMoistureSensor3/platform/radio/rail_lib/autogen/librail_release/librail_efr32xg1_gcc_release.a(protimer.o)
                0x00012254                PROTIMER_GetTime
 .text.PROTIMER_GetCCTime
                0x00012260        0xc /home/miceuz/SimplicityStudio/v4_workspace/bleMoistureSensor3/platform/radio/rail_lib/autogen/librail_release/librail_efr32xg1_gcc_release.a(protimer.o)
                0x00012260                PROTIMER_GetCCTime
 .text.PROTIMER_LBTStop
                0x0001226c       0x18 /home/miceuz/SimplicityStudio/v4_workspace/bleMoistureSensor3/platform/radio/rail_lib/autogen/librail_release/librail_efr32xg1_gcc_release.a(protimer.o)
                0x0001226c                PROTIMER_LBTStop
 .text.PROTIMER_PrecntOverflowToUs
                0x00012284       0x38 /home/miceuz/SimplicityStudio/v4_workspace/bleMoistureSensor3/platform/radio/rail_lib/autogen/librail_release/librail_efr32xg1_gcc_release.a(protimer.o)
                0x00012284                PROTIMER_PrecntOverflowToUs
 .text.PROTIMER_UsToPrecntOverflow
                0x000122bc       0x2c /home/miceuz/SimplicityStudio/v4_workspace/bleMoistureSensor3/platform/radio/rail_lib/autogen/librail_release/librail_efr32xg1_gcc_release.a(protimer.o)
                0x000122bc                PROTIMER_UsToPrecntOverflow
 .text.PROTIMER_DelayUs
                0x000122e8       0x44 /home/miceuz/SimplicityStudio/v4_workspace/bleMoistureSensor3/platform/radio/rail_lib/autogen/librail_release/librail_efr32xg1_gcc_release.a(protimer.o)
                0x000122e8                PROTIMER_DelayUs
 .text.PROTIMER_CheckCcaReallyFailed
                0x0001232c       0xbc /home/miceuz/SimplicityStudio/v4_workspace/bleMoistureSensor3/platform/radio/rail_lib/autogen/librail_release/librail_efr32xg1_gcc_release.a(protimer.o)
                0x0001232c                PROTIMER_CheckCcaReallyFailed
 .text.PTI_EnableAppendedInfo
                0x000123e8       0x18 /home/miceuz/SimplicityStudio/v4_workspace/bleMoistureSensor3/platform/radio/rail_lib/autogen/librail_release/librail_efr32xg1_gcc_release.a(pti.o)
                0x000123e8                PTI_EnableAppendedInfo
 .text.PTI_Enable
                0x00012400       0x58 /home/miceuz/SimplicityStudio/v4_workspace/bleMoistureSensor3/platform/radio/rail_lib/autogen/librail_release/librail_efr32xg1_gcc_release.a(pti.o)
                0x00012400                PTI_Enable
 .text.PTI_AuxdataOutput
                0x00012458       0x1c /home/miceuz/SimplicityStudio/v4_workspace/bleMoistureSensor3/platform/radio/rail_lib/autogen/librail_release/librail_efr32xg1_gcc_release.a(pti.o)
                0x00012458                PTI_AuxdataOutput
 .text.PTI_EnableSyncword
                0x00012474       0x18 /home/miceuz/SimplicityStudio/v4_workspace/bleMoistureSensor3/platform/radio/rail_lib/autogen/librail_release/librail_efr32xg1_gcc_release.a(pti.o)
                0x00012474                PTI_EnableSyncword
 .text.RADIO_SetAndForgetWrite
                0x0001248c       0x8c /home/miceuz/SimplicityStudio/v4_workspace/bleMoistureSensor3/platform/radio/rail_lib/autogen/librail_release/librail_efr32xg1_gcc_release.a(radio.o)
                0x0001248c                RADIO_SetAndForgetWrite
 .text.RADIO_SeqInit
                0x00012518       0x68 /home/miceuz/SimplicityStudio/v4_workspace/bleMoistureSensor3/platform/radio/rail_lib/autogen/librail_release/librail_efr32xg1_gcc_release.a(radio.o)
                0x00012518                RADIO_SeqInit
 .text.RADIO_CLKEnable
                0x00012580       0x68 /home/miceuz/SimplicityStudio/v4_workspace/bleMoistureSensor3/platform/radio/rail_lib/autogen/librail_release/librail_efr32xg1_gcc_release.a(radio.o)
                0x00012580                RADIO_CLKEnable
 .text.RADIO_Init
                0x000125e8       0x40 /home/miceuz/SimplicityStudio/v4_workspace/bleMoistureSensor3/platform/radio/rail_lib/autogen/librail_release/librail_efr32xg1_gcc_release.a(radio.o)
                0x000125e8                RADIO_Init
 .text.RADIO_Config
                0x00012628       0xa8 /home/miceuz/SimplicityStudio/v4_workspace/bleMoistureSensor3/platform/radio/rail_lib/autogen/librail_release/librail_efr32xg1_gcc_release.a(radio.o)
                0x00012628                RADIO_Config
 .text.RADIO_IsRxOnForRssi
                0x000126d0       0x18 /home/miceuz/SimplicityStudio/v4_workspace/bleMoistureSensor3/platform/radio/rail_lib/autogen/librail_release/librail_efr32xg1_gcc_release.a(radio.o)
                0x000126d0                RADIO_IsRxOnForRssi
 .text.RADIO_RxTrailDataLength
                0x000126e8       0x3c /home/miceuz/SimplicityStudio/v4_workspace/bleMoistureSensor3/platform/radio/rail_lib/autogen/librail_release/librail_efr32xg1_gcc_release.a(radio.o)
                0x000126e8                RADIO_RxTrailDataLength
 .text.RADIO_ComputeTxBaudrate
                0x00012724       0x28 /home/miceuz/SimplicityStudio/v4_workspace/bleMoistureSensor3/platform/radio/rail_lib/autogen/librail_release/librail_efr32xg1_gcc_release.a(radio.o)
                0x00012724                RADIO_ComputeTxBaudrate
 .text.RADIO_ComputeTxSymbolRate
                0x0001274c       0x2c /home/miceuz/SimplicityStudio/v4_workspace/bleMoistureSensor3/platform/radio/rail_lib/autogen/librail_release/librail_efr32xg1_gcc_release.a(radio.o)
                0x0001274c                RADIO_ComputeTxSymbolRate
 .text.RADIO_ComputeTxBitRate
                0x00012778       0x50 /home/miceuz/SimplicityStudio/v4_workspace/bleMoistureSensor3/platform/radio/rail_lib/autogen/librail_release/librail_efr32xg1_gcc_release.a(radio.o)
                0x00012778                RADIO_ComputeTxBitRate
 .text.RADIO_GetRssi
                0x000127c8       0x54 /home/miceuz/SimplicityStudio/v4_workspace/bleMoistureSensor3/platform/radio/rail_lib/autogen/librail_release/librail_efr32xg1_gcc_release.a(radio.o)
                0x000127c8                RADIO_GetRssi
 .text.RADIO_SetCRCInitVal
                0x0001281c       0x10 /home/miceuz/SimplicityStudio/v4_workspace/bleMoistureSensor3/platform/radio/rail_lib/autogen/librail_release/librail_efr32xg1_gcc_release.a(radio.o)
                0x0001281c                RADIO_SetCRCInitVal
 .text.RADIO_RACClearRxOverflow
                0x0001282c       0x20 /home/miceuz/SimplicityStudio/v4_workspace/bleMoistureSensor3/platform/radio/rail_lib/autogen/librail_release/librail_efr32xg1_gcc_release.a(radio.o)
                0x0001282c                RADIO_RACClearRxOverflow
 .text.RFSENSE_IRQHandler
                0x0001284c       0x10 /home/miceuz/SimplicityStudio/v4_workspace/bleMoistureSensor3/platform/radio/rail_lib/autogen/librail_release/librail_efr32xg1_gcc_release.a(rfsense.o)
                0x0001284c                RFSENSE_IRQHandler
 .text.RTCCSYNC_RTCCClockFreqGet
                0x0001285c       0x30 /home/miceuz/SimplicityStudio/v4_workspace/bleMoistureSensor3/platform/radio/rail_lib/autogen/librail_release/librail_efr32xg1_gcc_release.a(rtccsync.o)
 .text.RTCCSYNC_Init
                0x0001288c       0x10 /home/miceuz/SimplicityStudio/v4_workspace/bleMoistureSensor3/platform/radio/rail_lib/autogen/librail_release/librail_efr32xg1_gcc_release.a(rtccsync.o)
                0x0001288c                RTCCSYNC_Init
 .text.RTCCSYNC_PreSleep
                0x0001289c      0x260 /home/miceuz/SimplicityStudio/v4_workspace/bleMoistureSensor3/platform/radio/rail_lib/autogen/librail_release/librail_efr32xg1_gcc_release.a(rtccsync.o)
                0x0001289c                RTCCSYNC_PreSleep
 .text.RTCCSYNC_PostWakeUp
                0x00012afc      0x1c4 /home/miceuz/SimplicityStudio/v4_workspace/bleMoistureSensor3/platform/radio/rail_lib/autogen/librail_release/librail_efr32xg1_gcc_release.a(rtccsync.o)
                0x00012afc                RTCCSYNC_PostWakeUp
 .text.SYNTH_RfFreqGet
                0x00012cc0        0xc /home/miceuz/SimplicityStudio/v4_workspace/bleMoistureSensor3/platform/radio/rail_lib/autogen/librail_release/librail_efr32xg1_gcc_release.a(synth.o)
                0x00012cc0                SYNTH_RfFreqGet
 .text.SYNTH_ChSpacingGet
                0x00012ccc        0xc /home/miceuz/SimplicityStudio/v4_workspace/bleMoistureSensor3/platform/radio/rail_lib/autogen/librail_release/librail_efr32xg1_gcc_release.a(synth.o)
                0x00012ccc                SYNTH_ChSpacingGet
 .text.SYNTH_LoDivGet
                0x00012cd8       0x20 /home/miceuz/SimplicityStudio/v4_workspace/bleMoistureSensor3/platform/radio/rail_lib/autogen/librail_release/librail_efr32xg1_gcc_release.a(synth.o)
                0x00012cd8                SYNTH_LoDivGet
 .text.SYNTH_Is2p4GHz
                0x00012cf8       0x14 /home/miceuz/SimplicityStudio/v4_workspace/bleMoistureSensor3/platform/radio/rail_lib/autogen/librail_release/librail_efr32xg1_gcc_release.a(synth.o)
                0x00012cf8                SYNTH_Is2p4GHz
 .text.SYNTH_VcoRangeIsValid
                0x00012d0c       0x30 /home/miceuz/SimplicityStudio/v4_workspace/bleMoistureSensor3/platform/radio/rail_lib/autogen/librail_release/librail_efr32xg1_gcc_release.a(synth.o)
                0x00012d0c                SYNTH_VcoRangeIsValid
 .text.SYNTH_RetimeLimitsConfig
                0x00012d3c       0x64 /home/miceuz/SimplicityStudio/v4_workspace/bleMoistureSensor3/platform/radio/rail_lib/autogen/librail_release/librail_efr32xg1_gcc_release.a(synth.o)
                0x00012d3c                SYNTH_RetimeLimitsConfig
 .text.SYNTH_RetimeClkConfig
                0x00012da0       0xb4 /home/miceuz/SimplicityStudio/v4_workspace/bleMoistureSensor3/platform/radio/rail_lib/autogen/librail_release/librail_efr32xg1_gcc_release.a(synth.o)
                0x00012da0                SYNTH_RetimeClkConfig
 .text.SYNTH_Config
                0x00012e54      0x108 /home/miceuz/SimplicityStudio/v4_workspace/bleMoistureSensor3/platform/radio/rail_lib/autogen/librail_release/librail_efr32xg1_gcc_release.a(synth.o)
                0x00012e54                SYNTH_Config
 .text.SYNTH_ChannelSet
                0x00012f5c       0x40 /home/miceuz/SimplicityStudio/v4_workspace/bleMoistureSensor3/platform/radio/rail_lib/autogen/librail_release/librail_efr32xg1_gcc_release.a(synth.o)
                0x00012f5c                SYNTH_ChannelSet
 .text.SYNTH_DCDCRetimeClkSet
                0x00012f9c       0x6c /home/miceuz/SimplicityStudio/v4_workspace/bleMoistureSensor3/platform/radio/rail_lib/autogen/librail_release/librail_efr32xg1_gcc_release.a(synth.o)
                0x00012f9c                SYNTH_DCDCRetimeClkSet
 .text.SYNTH_DCDCRetimeEnable
                0x00013008       0x18 /home/miceuz/SimplicityStudio/v4_workspace/bleMoistureSensor3/platform/radio/rail_lib/autogen/librail_release/librail_efr32xg1_gcc_release.a(synth.o)
                0x00013008                SYNTH_DCDCRetimeEnable
 .text.SYNTH_DCDCRetimeDisable
                0x00013020       0x18 /home/miceuz/SimplicityStudio/v4_workspace/bleMoistureSensor3/platform/radio/rail_lib/autogen/librail_release/librail_efr32xg1_gcc_release.a(synth.o)
                0x00013020                SYNTH_DCDCRetimeDisable
 .text.SYNTH_KvnFreqCompensationEnable
                0x00013038        0xc /home/miceuz/SimplicityStudio/v4_workspace/bleMoistureSensor3/platform/radio/rail_lib/autogen/librail_release/librail_efr32xg1_gcc_release.a(synth.o)
                0x00013038                SYNTH_KvnFreqCompensationEnable
 .text.RADIOCMU_ClockEnable
                0x00013044       0x40 /home/miceuz/SimplicityStudio/v4_workspace/bleMoistureSensor3/platform/radio/rail_lib/autogen/librail_release/librail_efr32xg1_gcc_release.a(radio_cmu.o)
                0x00013044                RADIOCMU_ClockEnable
 .text.RADIOCMU_ClockFreqGet
                0x00013084       0x88 /home/miceuz/SimplicityStudio/v4_workspace/bleMoistureSensor3/platform/radio/rail_lib/autogen/librail_release/librail_efr32xg1_gcc_release.a(radio_cmu.o)
                0x00013084                RADIOCMU_ClockFreqGet
 .text.RADIOCMU_ClockPrescGet
                0x0001310c       0x1c /home/miceuz/SimplicityStudio/v4_workspace/bleMoistureSensor3/platform/radio/rail_lib/autogen/librail_release/librail_efr32xg1_gcc_release.a(radio_cmu.o)
                0x0001310c                RADIOCMU_ClockPrescGet
 .text.TEMPCAL_Init
                0x00013128       0x40 /home/miceuz/SimplicityStudio/v4_workspace/bleMoistureSensor3/platform/radio/rail_lib/autogen/librail_release/librail_efr32xg1_gcc_release.a(tempcal.o)
                0x00013128                TEMPCAL_Init
 .text.TIMING_PreambleSyncBits
                0x00013168       0x2c /home/miceuz/SimplicityStudio/v4_workspace/bleMoistureSensor3/platform/radio/rail_lib/autogen/librail_release/librail_efr32xg1_gcc_release.a(timings.o)
 .text.TIMING_CalcAdjustUs
                0x00013194       0x28 /home/miceuz/SimplicityStudio/v4_workspace/bleMoistureSensor3/platform/radio/rail_lib/autogen/librail_release/librail_efr32xg1_gcc_release.a(timings.o)
 .text.TIMING_SeqTimingInit
                0x000131bc        0x2 /home/miceuz/SimplicityStudio/v4_workspace/bleMoistureSensor3/platform/radio/rail_lib/autogen/librail_release/librail_efr32xg1_gcc_release.a(timings.o)
                0x000131bc                TIMING_SeqTimingInit
 *fill*         0x000131be        0x2 
 .text.TIMING_NsToStimerTickCalcSigned
                0x000131c0       0x28 /home/miceuz/SimplicityStudio/v4_workspace/bleMoistureSensor3/platform/radio/rail_lib/autogen/librail_release/librail_efr32xg1_gcc_release.a(timings.o)
                0x000131c0                TIMING_NsToStimerTickCalcSigned
 .text.TIMING_NsToStimerTickCalc
                0x000131e8        0xc /home/miceuz/SimplicityStudio/v4_workspace/bleMoistureSensor3/platform/radio/rail_lib/autogen/librail_release/librail_efr32xg1_gcc_release.a(timings.o)
                0x000131e8                TIMING_NsToStimerTickCalc
 .text.TIMING_InitStimer
                0x000131f4       0x54 /home/miceuz/SimplicityStudio/v4_workspace/bleMoistureSensor3/platform/radio/rail_lib/autogen/librail_release/librail_efr32xg1_gcc_release.a(timings.o)
                0x000131f4                TIMING_InitStimer
 .text.TIMING_Recalculate
                0x00013248      0x134 /home/miceuz/SimplicityStudio/v4_workspace/bleMoistureSensor3/platform/radio/rail_lib/autogen/librail_release/librail_efr32xg1_gcc_release.a(timings.o)
 .text.TIMING_SetTransitionTime
                0x0001337c       0x1a /home/miceuz/SimplicityStudio/v4_workspace/bleMoistureSensor3/platform/radio/rail_lib/autogen/librail_release/librail_efr32xg1_gcc_release.a(timings.o)
                0x0001337c                TIMING_SetTransitionTime
 .text.TIMING_RxSearchTimeSet
                0x00013396       0x10 /home/miceuz/SimplicityStudio/v4_workspace/bleMoistureSensor3/platform/radio/rail_lib/autogen/librail_release/librail_efr32xg1_gcc_release.a(timings.o)
                0x00013396                TIMING_RxSearchTimeSet
 .text.TIMING_TxToRxSearchTimeSet
                0x000133a6       0x10 /home/miceuz/SimplicityStudio/v4_workspace/bleMoistureSensor3/platform/radio/rail_lib/autogen/librail_release/librail_efr32xg1_gcc_release.a(timings.o)
                0x000133a6                TIMING_TxToRxSearchTimeSet
 .text.TIMING_RecalculateAll
                0x000133b6        0x6 /home/miceuz/SimplicityStudio/v4_workspace/bleMoistureSensor3/platform/radio/rail_lib/autogen/librail_release/librail_efr32xg1_gcc_release.a(timings.o)
                0x000133b6                TIMING_RecalculateAll
 .text.TIMING_RecalculatePaRampChanged
                0x000133bc        0x6 /home/miceuz/SimplicityStudio/v4_workspace/bleMoistureSensor3/platform/radio/rail_lib/autogen/librail_release/librail_efr32xg1_gcc_release.a(timings.o)
                0x000133bc                TIMING_RecalculatePaRampChanged
 .text.TIMING_SetChainDelays
                0x000133c2        0x8 /home/miceuz/SimplicityStudio/v4_workspace/bleMoistureSensor3/platform/radio/rail_lib/autogen/librail_release/librail_efr32xg1_gcc_release.a(timings.o)
                0x000133c2                TIMING_SetChainDelays
 .text.TIMING_SetRxDoneDelay
                0x000133ca        0x6 /home/miceuz/SimplicityStudio/v4_workspace/bleMoistureSensor3/platform/radio/rail_lib/autogen/librail_release/librail_efr32xg1_gcc_release.a(timings.o)
                0x000133ca                TIMING_SetRxDoneDelay
 .text.TIMING_CalcRxTimeStampUs
                0x000133d0       0x7a /home/miceuz/SimplicityStudio/v4_workspace/bleMoistureSensor3/platform/radio/rail_lib/autogen/librail_release/librail_efr32xg1_gcc_release.a(timings.o)
                0x000133d0                TIMING_CalcRxTimeStampUs
 *fill*         0x0001344a        0x2 
 .text.RFRAND_GetRadioEntropy
                0x0001344c       0xf0 /home/miceuz/SimplicityStudio/v4_workspace/bleMoistureSensor3/platform/radio/rail_lib/autogen/librail_release/librail_efr32xg1_gcc_release.a(rf_rand.o)
                0x0001344c                RFRAND_GetRadioEntropy
 .text.RFRAND_SeedProtimerRandom
                0x0001353c       0x3c /home/miceuz/SimplicityStudio/v4_workspace/bleMoistureSensor3/platform/radio/rail_lib/autogen/librail_release/librail_efr32xg1_gcc_release.a(rf_rand.o)
                0x0001353c                RFRAND_SeedProtimerRandom
 .text.RAIL_GetTxPowerCurve
                0x00013578       0x14 /home/miceuz/SimplicityStudio/v4_workspace/bleMoistureSensor3/platform/radio/rail_lib/autogen/librail_release/librail_efr32xg1_gcc_release.a(pa_conversions_efr32.o)
                0x00013578                RAIL_GetTxPowerCurve
 .text.RAIL_InitTxPowerCurves
                0x0001358c       0x2c /home/miceuz/SimplicityStudio/v4_workspace/bleMoistureSensor3/platform/radio/rail_lib/autogen/librail_release/librail_efr32xg1_gcc_release.a(pa_conversions_efr32.o)
                0x0001358c                RAIL_InitTxPowerCurves
 .text.RAIL_ConvertDbmToRaw
                0x000135b8       0xe4 /home/miceuz/SimplicityStudio/v4_workspace/bleMoistureSensor3/platform/radio/rail_lib/autogen/librail_release/librail_efr32xg1_gcc_release.a(pa_conversions_efr32.o)
                0x000135b8                RAIL_ConvertDbmToRaw
 .text.RAIL_ConvertRawToDbm
                0x0001369c       0xb4 /home/miceuz/SimplicityStudio/v4_workspace/bleMoistureSensor3/platform/radio/rail_lib/autogen/librail_release/librail_efr32xg1_gcc_release.a(pa_conversions_efr32.o)
                0x0001369c                RAIL_ConvertRawToDbm
 .text.RADIO_RACStateGet
                0x00013750       0x10 /home/miceuz/SimplicityStudio/v4_workspace/bleMoistureSensor3/platform/radio/rail_lib/autogen/librail_release/librail_efr32xg1_gcc_release.a(generic_phy.o)
 .text.GENERIC_PHY_EnableDisableInt
                0x00013760       0x22 /home/miceuz/SimplicityStudio/v4_workspace/bleMoistureSensor3/platform/radio/rail_lib/autogen/librail_release/librail_efr32xg1_gcc_release.a(generic_phy.o)
 *fill*         0x00013782        0x2 
 .text.GENERIC_PHY_ConfigureRollbackReporting
                0x00013784       0x64 /home/miceuz/SimplicityStudio/v4_workspace/bleMoistureSensor3/platform/radio/rail_lib/autogen/librail_release/librail_efr32xg1_gcc_release.a(generic_phy.o)
 .text.GENERIC_PHY_ClearPendedRxWindowEnd
                0x000137e8       0x1c /home/miceuz/SimplicityStudio/v4_workspace/bleMoistureSensor3/platform/radio/rail_lib/autogen/librail_release/librail_efr32xg1_gcc_release.a(generic_phy.o)
 .text.RADIO_RACRxAbort
                0x00013804       0x38 /home/miceuz/SimplicityStudio/v4_workspace/bleMoistureSensor3/platform/radio/rail_lib/autogen/librail_release/librail_efr32xg1_gcc_release.a(generic_phy.o)
 .text.GENERIC_PHY_RxOverflowHook
                0x0001383c       0x34 /home/miceuz/SimplicityStudio/v4_workspace/bleMoistureSensor3/platform/radio/rail_lib/autogen/librail_release/librail_efr32xg1_gcc_release.a(generic_phy.o)
 .text.GENERIC_PHY_DisableRadioIrqs
                0x00013870       0x50 /home/miceuz/SimplicityStudio/v4_workspace/bleMoistureSensor3/platform/radio/rail_lib/autogen/librail_release/librail_efr32xg1_gcc_release.a(generic_phy.o)
 .text.GENERIC_PHY_CheckPendedRxWindowEnd
                0x000138c0       0x40 /home/miceuz/SimplicityStudio/v4_workspace/bleMoistureSensor3/platform/radio/rail_lib/autogen/librail_release/librail_efr32xg1_gcc_release.a(generic_phy.o)
 .text.GENERIC_PHY_ConfigureEvents
                0x00013900      0x2c8 /home/miceuz/SimplicityStudio/v4_workspace/bleMoistureSensor3/platform/radio/rail_lib/autogen/librail_release/librail_efr32xg1_gcc_release.a(generic_phy.o)
                0x00013900                GENERIC_PHY_ConfigureEvents
 .text.GENERIC_PHY_PacketTxCommon
                0x00013bc8       0x3c /home/miceuz/SimplicityStudio/v4_workspace/bleMoistureSensor3/platform/radio/rail_lib/autogen/librail_release/librail_efr32xg1_gcc_release.a(generic_phy.o)
                0x00013bc8                GENERIC_PHY_PacketTxCommon
 .text.GENERIC_PHY_PacketTx
                0x00013c04       0x40 /home/miceuz/SimplicityStudio/v4_workspace/bleMoistureSensor3/platform/radio/rail_lib/autogen/librail_release/librail_efr32xg1_gcc_release.a(generic_phy.o)
                0x00013c04                GENERIC_PHY_PacketTx
 .text.GENERIC_PHY_SchedulePacketRx
                0x00013c44      0x110 /home/miceuz/SimplicityStudio/v4_workspace/bleMoistureSensor3/platform/radio/rail_lib/autogen/librail_release/librail_efr32xg1_gcc_release.a(generic_phy.o)
                0x00013c44                GENERIC_PHY_SchedulePacketRx
 .text.GENERIC_PHY_SchedulePacketTx
                0x00013d54       0x80 /home/miceuz/SimplicityStudio/v4_workspace/bleMoistureSensor3/platform/radio/rail_lib/autogen/librail_release/librail_efr32xg1_gcc_release.a(generic_phy.o)
                0x00013d54                GENERIC_PHY_SchedulePacketTx
 .text.GENERIC_PHY_SeqAtomicLock
                0x00013dd4       0x34 /home/miceuz/SimplicityStudio/v4_workspace/bleMoistureSensor3/platform/radio/rail_lib/autogen/librail_release/librail_efr32xg1_gcc_release.a(generic_phy.o)
                0x00013dd4                GENERIC_PHY_SeqAtomicLock
 .text.GENERIC_PHY_RACConfig
                0x00013e08       0x40 /home/miceuz/SimplicityStudio/v4_workspace/bleMoistureSensor3/platform/radio/rail_lib/autogen/librail_release/librail_efr32xg1_gcc_release.a(generic_phy.o)
                0x00013e08                GENERIC_PHY_RACConfig
 .text.GENERIC_PHY_Init
                0x00013e48       0x70 /home/miceuz/SimplicityStudio/v4_workspace/bleMoistureSensor3/platform/radio/rail_lib/autogen/librail_release/librail_efr32xg1_gcc_release.a(generic_phy.o)
                0x00013e48                GENERIC_PHY_Init
 .text.GENERIC_PHY_ResetRxFifo
                0x00013eb8       0x30 /home/miceuz/SimplicityStudio/v4_workspace/bleMoistureSensor3/platform/radio/rail_lib/autogen/librail_release/librail_efr32xg1_gcc_release.a(generic_phy.o)
                0x00013eb8                GENERIC_PHY_ResetRxFifo
 .text.GENERIC_PHY_RadioIdle
                0x00013ee8      0x168 /home/miceuz/SimplicityStudio/v4_workspace/bleMoistureSensor3/platform/radio/rail_lib/autogen/librail_release/librail_efr32xg1_gcc_release.a(generic_phy.o)
                0x00013ee8                GENERIC_PHY_RadioIdle
 .text.FRC_IRQHandler
                0x00014050      0x454 /home/miceuz/SimplicityStudio/v4_workspace/bleMoistureSensor3/platform/radio/rail_lib/autogen/librail_release/librail_efr32xg1_gcc_release.a(generic_phy.o)
                0x00014050                FRC_IRQHandler
 .text.FRC_PRI_IRQHandler
                0x000144a4        0x4 /home/miceuz/SimplicityStudio/v4_workspace/bleMoistureSensor3/platform/radio/rail_lib/autogen/librail_release/librail_efr32xg1_gcc_release.a(generic_phy.o)
                0x000144a4                FRC_PRI_IRQHandler
 .text.BUFC_IRQHandler
                0x000144a8        0x4 /home/miceuz/SimplicityStudio/v4_workspace/bleMoistureSensor3/platform/radio/rail_lib/autogen/librail_release/librail_efr32xg1_gcc_release.a(generic_phy.o)
                0x000144a8                BUFC_IRQHandler
 .text.PROTIMER_IRQHandler
                0x000144ac        0x4 /home/miceuz/SimplicityStudio/v4_workspace/bleMoistureSensor3/platform/radio/rail_lib/autogen/librail_release/librail_efr32xg1_gcc_release.a(generic_phy.o)
                0x000144ac                PROTIMER_IRQHandler
 .text.RAC_SEQ_IRQHandler
                0x000144b0        0x4 /home/miceuz/SimplicityStudio/v4_workspace/bleMoistureSensor3/platform/radio/rail_lib/autogen/librail_release/librail_efr32xg1_gcc_release.a(generic_phy.o)
                0x000144b0                RAC_SEQ_IRQHandler
 .text.RAILCb_RadioStateChanged
                0x000144b4       0x14 /home/miceuz/SimplicityStudio/v4_workspace/bleMoistureSensor3/platform/radio/rail_lib/autogen/librail_release/librail_efr32xg1_gcc_release.a(generic_phy.o)
                0x000144b4                RAILCb_RadioStateChanged
 .text.RAC_RSM_IRQHandler
                0x000144c8       0x48 /home/miceuz/SimplicityStudio/v4_workspace/bleMoistureSensor3/platform/radio/rail_lib/autogen/librail_release/librail_efr32xg1_gcc_release.a(generic_phy.o)
                0x000144c8                RAC_RSM_IRQHandler
 .text.MODEM_IRQHandler
                0x00014510        0x4 /home/miceuz/SimplicityStudio/v4_workspace/bleMoistureSensor3/platform/radio/rail_lib/autogen/librail_release/librail_efr32xg1_gcc_release.a(generic_phy.o)
                0x00014510                MODEM_IRQHandler
 .text.AGC_IRQHandler
                0x00014514       0x40 /home/miceuz/SimplicityStudio/v4_workspace/bleMoistureSensor3/platform/radio/rail_lib/autogen/librail_release/librail_efr32xg1_gcc_release.a(generic_phy.o)
                0x00014514                AGC_IRQHandler
 .text.SYNTH_IRQHandler
                0x00014554       0x10 /home/miceuz/SimplicityStudio/v4_workspace/bleMoistureSensor3/platform/radio/rail_lib/autogen/librail_release/librail_efr32xg1_gcc_release.a(generic_phy.o)
                0x00014554                SYNTH_IRQHandler
 .text.GENERIC_PHY_SetFeatures
                0x00014564       0x28 /home/miceuz/SimplicityStudio/v4_workspace/bleMoistureSensor3/platform/radio/rail_lib/autogen/librail_release/librail_efr32xg1_gcc_release.a(generic_phy.o)
                0x00014564                GENERIC_PHY_SetFeatures
 .text.GENERIC_PHY_IsFeatureEnabled
                0x0001458c       0x14 /home/miceuz/SimplicityStudio/v4_workspace/bleMoistureSensor3/platform/radio/rail_lib/autogen/librail_release/librail_efr32xg1_gcc_release.a(generic_phy.o)
                0x0001458c                GENERIC_PHY_IsFeatureEnabled
 .text.CORTEX_UTILS_BitsetLowestSetBit
                0x000145a0       0x26 /home/miceuz/SimplicityStudio/v4_workspace/bleMoistureSensor3/platform/radio/rail_lib/autogen/librail_release/librail_efr32xg1_gcc_release.a(cortex_utils.o)
                0x000145a0                CORTEX_UTILS_BitsetLowestSetBit
 *fill*         0x000145c6        0x2 
 .text.register_message_handler
                0x000145c8        0xc /home/miceuz/SimplicityStudio/v4_workspace/bleMoistureSensor3/protocol/bluetooth/lib/EFR32BG1B/GCC/libbluetooth.a(bgapi.c.obj)
                0x000145c8                register_message_handler
 .text.bgapi_gap_set_legacy_mode
                0x000145d4       0x1c /home/miceuz/SimplicityStudio/v4_workspace/bleMoistureSensor3/protocol/bluetooth/lib/EFR32BG1B/GCC/libbluetooth.a(bgapi.c.obj)
                0x000145d4                bgapi_gap_set_legacy_mode
 .text.bgapi_ubt_listener
                0x000145f0      0x384 /home/miceuz/SimplicityStudio/v4_workspace/bleMoistureSensor3/protocol/bluetooth/lib/EFR32BG1B/GCC/libbluetooth.a(bgapi.c.obj)
                0x000145f0                bgapi_ubt_listener
 .text.bgapi_init
                0x00014974       0x10 /home/miceuz/SimplicityStudio/v4_workspace/bleMoistureSensor3/protocol/bluetooth/lib/EFR32BG1B/GCC/libbluetooth.a(bgapi.c.obj)
                0x00014974                bgapi_init
 .text.bgapi_buffer_init
                0x00014984       0x30 /home/miceuz/SimplicityStudio/v4_workspace/bleMoistureSensor3/protocol/bluetooth/lib/EFR32BG1B/GCC/libbluetooth.a(bgapi.c.obj)
                0x00014984                bgapi_buffer_init
 .text.lib_endpoint_handler_init
                0x000149b4        0x2 /home/miceuz/SimplicityStudio/v4_workspace/bleMoistureSensor3/protocol/bluetooth/lib/EFR32BG1B/GCC/libbluetooth.a(bgapi_endpoint.c.obj)
                0x000149b4                lib_endpoint_handler_init
 *fill*         0x000149b6        0x2 
 .text.sli_bt_cmd_endpoint_close
                0x000149b8       0x3c /home/miceuz/SimplicityStudio/v4_workspace/bleMoistureSensor3/protocol/bluetooth/lib/EFR32BG1B/GCC/libbluetooth.a(bgapi_endpoint.c.obj)
                0x000149b8                sli_bt_cmd_endpoint_close
 .text.lib_le_gap_handler_init
                0x000149f4        0x2 /home/miceuz/SimplicityStudio/v4_workspace/bleMoistureSensor3/protocol/bluetooth/lib/EFR32BG1B/GCC/libbluetooth.a(bgapi_gap.c.obj)
                0x000149f4                lib_le_gap_handler_init
 *fill*         0x000149f6        0x2 
 .text.sli_bt_cmd_le_gap_set_mode
                0x000149f8       0x50 /home/miceuz/SimplicityStudio/v4_workspace/bleMoistureSensor3/protocol/bluetooth/lib/EFR32BG1B/GCC/libbluetooth.a(bgapi_gap.c.obj)
                0x000149f8                sli_bt_cmd_le_gap_set_mode
 .text.sli_bt_cmd_le_gap_set_adv_data
                0x00014a48       0x5c /home/miceuz/SimplicityStudio/v4_workspace/bleMoistureSensor3/protocol/bluetooth/lib/EFR32BG1B/GCC/libbluetooth.a(bgapi_gap.c.obj)
                0x00014a48                sli_bt_cmd_le_gap_set_adv_data
 .text.sli_bt_cmd_le_gap_set_adv_parameters
                0x00014aa4       0x40 /home/miceuz/SimplicityStudio/v4_workspace/bleMoistureSensor3/protocol/bluetooth/lib/EFR32BG1B/GCC/libbluetooth.a(bgapi_gap.c.obj)
                0x00014aa4                sli_bt_cmd_le_gap_set_adv_parameters
 .text.bgapi_gatt_listener
                0x00014ae4      0x28c /home/miceuz/SimplicityStudio/v4_workspace/bleMoistureSensor3/protocol/bluetooth/lib/EFR32BG1B/GCC/libbluetooth.a(bgapi_gatt.c.obj)
                0x00014ae4                bgapi_gatt_listener
 .text.lib_gatt_handler_init
                0x00014d70        0x4 /home/miceuz/SimplicityStudio/v4_workspace/bleMoistureSensor3/protocol/bluetooth/lib/EFR32BG1B/GCC/libbluetooth.a(bgapi_gatt_lib.c.obj)
                0x00014d70                lib_gatt_handler_init
 .text.lib_gatt_server_handler_init
                0x00014d74        0x2 /home/miceuz/SimplicityStudio/v4_workspace/bleMoistureSensor3/protocol/bluetooth/lib/EFR32BG1B/GCC/libbluetooth.a(bgapi_gatt_lib.c.obj)
                0x00014d74                lib_gatt_server_handler_init
 *fill*         0x00014d76        0x2 
 .text.sli_bt_cmd_gatt_server_send_user_read_response
                0x00014d78       0x44 /home/miceuz/SimplicityStudio/v4_workspace/bleMoistureSensor3/protocol/bluetooth/lib/EFR32BG1B/GCC/libbluetooth.a(bgapi_gatt_lib.c.obj)
                0x00014d78                sli_bt_cmd_gatt_server_send_user_read_response
 .text.sli_bt_cmd_gatt_server_send_user_write_response
                0x00014dbc       0x34 /home/miceuz/SimplicityStudio/v4_workspace/bleMoistureSensor3/protocol/bluetooth/lib/EFR32BG1B/GCC/libbluetooth.a(bgapi_gatt_lib.c.obj)
                0x00014dbc                sli_bt_cmd_gatt_server_send_user_write_response
 .text.bgapi_hardware_soft_timer_listener
                0x00014df0       0x68 /home/miceuz/SimplicityStudio/v4_workspace/bleMoistureSensor3/protocol/bluetooth/lib/EFR32BG1B/GCC/libbluetooth.a(bgapi_hardware.c.obj)
                0x00014df0                bgapi_hardware_soft_timer_listener
 .text.handle_timer_command
                0x00014e58       0x80 /home/miceuz/SimplicityStudio/v4_workspace/bleMoistureSensor3/protocol/bluetooth/lib/EFR32BG1B/GCC/libbluetooth.a(bgapi_hardware.c.obj)
 .text.lib_hardware_handler_init